2026-09-28 15:32:54 - start the process.
Experiment directory: /root/autodl-tmp/FIMA-Q-Reproduction/FIMA-Q/checkpoints/quant_result/20260928_153254_forward_secant_w4a4
Namespace(model='vit_small', config='./configs/4bit/forward_secant.py', dataset='../imagenet_fimaq', optim_size=1024, val_batch_size=64, num_workers=8, device='cuda:0', calibrate=False, load_calibrate_checkpoint='./checkpoints/quant_result/20260916_1818/vit_small_w4_a4_calibsize_128_mse.pth', test_calibrate_checkpoint=False, optimize=True, load_optimize_checkpoint=None, test_optimize_checkpoint=False, print_freq=10, seed=3407, skip_final_validation=False, optim_batch_size=32, recon_iters=20000)
Successfully imported Config class!
optim_size: 1024
calib_size: 128
optim_batch_size: 32
calib_batch_size: 32
w_bit: 4
a_bit: 4
qconv_a_bit: 8
qhead_a_bit: 4
calib_metric: mse
matmul_head_channel_wise: True
token_channel_wise: True
eq_n: 128
search_round: 3
keep_gpu: True
optim_metric: forward_secant
temp: 20
k: 5
p1: 1.0
p2: 1.0
dis_mode: q
recon_iters: 20000
optim_mode: qdrop
drop_prob: 0.5
Building model ...
No checkpoint found at './checkpoints/vit_raw/vit_small_patch16_224.bin'
Loading pretrained weights from Hugging Face hub (timm/vit_small_patch16_224.augreg_in21k_ft_in1k)
[timm/vit_small_patch16_224.augreg_in21k_ft_in1k] Safe alternative available for 'pytorch_model.bin' (as 'model.safetensors'). Loading weights using safetensors.
Building validation dataloader ...
Wraping quantiztion modules (reparam: False) ...
Restoring checkpoint from './checkpoints/quant_result/20260916_1818/vit_small_w4_a4_calibsize_128_mse.pth'
<All keys matched successfully>
Building calibrator ...
2026-09-28 15:33:45 - start forward_secant guided block reconstruction
reconstructing patch_embed ...
initializing raw input and raw output ...
adaround training for patch_embed ...
finished reconstructing patch_embed.
reconstructing blocks.0 ...
initializing raw input and raw output ...
initializing quanted input ...
adaround training for blocks.0 ...
finished reconstructing blocks.0.
reconstructing blocks.1 ...
initializing raw input and raw output ...
initializing quanted input ...
adaround training for blocks.1 ...
finished reconstructing blocks.1.
reconstructing blocks.2 ...
initializing raw input and raw output ...
initializing quanted input ...
adaround training for blocks.2 ...
finished reconstructing blocks.2.
reconstructing blocks.3 ...
initializing raw input and raw output ...
initializing quanted input ...
adaround training for blocks.3 ...
finished reconstructing blocks.3.
reconstructing blocks.4 ...
initializing raw input and raw output ...
initializing quanted input ...
adaround training for blocks.4 ...
finished reconstructing blocks.4.
reconstructing blocks.5 ...
initializing raw input and raw output ...
initializing quanted input ...
adaround training for blocks.5 ...
finished reconstructing blocks.5.
reconstructing blocks.6 ...
initializing raw input and raw output ...
initializing quanted input ...
adaround training for blocks.6 ...
finished reconstructing blocks.6.
reconstructing blocks.7 ...
initializing raw input and raw output ...
initializing quanted input ...
adaround training for blocks.7 ...
finished reconstructing blocks.7.
reconstructing blocks.8 ...
initializing raw input and raw output ...
initializing quanted input ...
adaround training for blocks.8 ...
finished reconstructing blocks.8.
reconstructing blocks.9 ...
initializing raw input and raw output ...
initializing quanted input ...
adaround training for blocks.9 ...
finished reconstructing blocks.9.
reconstructing blocks.10 ...
initializing raw input and raw output ...
initializing quanted input ...
adaround training for blocks.10 ...
finished reconstructing blocks.10.
reconstructing blocks.11 ...
initializing raw input and raw output ...
initializing quanted input ...
adaround training for blocks.11 ...
finished reconstructing blocks.11.
reconstructing head ...
initializing raw input and raw output ...
initializing quanted input ...
adaround training for head ...
finished reconstructing head.
Block reconstruction elapsed seconds: 8951.018
2026-09-28 18:02:56 - forward_secant guided block reconstruction finished.
Saving checkpoint to /root/autodl-tmp/FIMA-Q-Reproduction/FIMA-Q/checkpoints/quant_result/20260928_153254_forward_secant_w4a4/vit_small_w4_a4_optimsize_1024_forward_secant_dis_mode_q_rank_5_qdrop.pth
Validating on calibration set after block reconstruction ...
Test: [0/32]	Time 0.726 (0.726)	Loss 0.4935 (0.4935)	Prec@1 87.500 (87.500)	Prec@5 96.875 (96.875)
Test: [10/32]	Time 0.032 (0.101)	Loss 0.5340 (0.7264)	Prec@1 81.250 (83.807)	Prec@5 100.000 (95.170)
Test: [20/32]	Time 0.030 (0.068)	Loss 0.7822 (0.7531)	Prec@1 81.250 (82.887)	Prec@5 96.875 (95.089)
Test: [30/32]	Time 0.030 (0.056)	Loss 0.6137 (0.7752)	Prec@1 84.375 (82.359)	Prec@5 100.000 (94.859)
 * Prec@1 82.129 Prec@5 94.824 Loss 0.779 Time 1.847
Validating on test set after block reconstruction ...
Test: [0/782]	Time 1.319 (1.319)	Loss 0.4837 (0.4837)	Prec@1 93.750 (93.750)	Prec@5 96.875 (96.875)
Test: [10/782]	Time 0.073 (0.203)	Loss 0.3889 (0.6574)	Prec@1 96.875 (85.085)	Prec@5 100.000 (96.733)
Test: [20/782]	Time 0.072 (0.140)	Loss 0.9693 (0.7204)	Prec@1 70.312 (85.565)	Prec@5 96.875 (95.685)
Test: [30/782]	Time 0.069 (0.119)	Loss 0.6906 (0.8435)	Prec@1 87.500 (81.653)	Prec@5 95.312 (94.859)
Test: [40/782]	Time 0.069 (0.110)	Loss 0.7862 (0.9163)	Prec@1 87.500 (79.459)	Prec@5 95.312 (94.245)
Test: [50/782]	Time 0.075 (0.103)	Loss 0.9279 (0.9884)	Prec@1 79.688 (77.267)	Prec@5 95.312 (93.903)
Test: [60/782]	Time 0.396 (0.103)	Loss 0.8144 (0.9860)	Prec@1 84.375 (76.511)	Prec@5 98.438 (94.134)
Test: [70/782]	Time 0.070 (0.098)	Loss 0.2786 (0.9397)	Prec@1 96.875 (77.905)	Prec@5 96.875 (94.366)
Test: [80/782]	Time 0.070 (0.095)	Loss 1.1306 (0.9010)	Prec@1 70.312 (78.819)	Prec@5 90.625 (94.483)
Test: [90/782]	Time 0.072 (0.093)	Loss 0.6370 (0.9100)	Prec@1 78.125 (78.829)	Prec@5 100.000 (94.317)
Test: [100/782]	Time 0.067 (0.090)	Loss 0.9712 (0.9199)	Prec@1 81.250 (78.682)	Prec@5 85.938 (94.183)
Test: [110/782]	Time 0.068 (0.088)	Loss 0.6459 (0.8907)	Prec@1 87.500 (79.589)	Prec@5 96.875 (94.341)
Test: [120/782]	Time 0.065 (0.087)	Loss 1.0795 (0.8739)	Prec@1 71.875 (80.023)	Prec@5 92.188 (94.460)
Test: [130/782]	Time 0.065 (0.085)	Loss 1.5323 (0.8980)	Prec@1 50.000 (79.020)	Prec@5 92.188 (94.251)
Test: [140/782]	Time 0.065 (0.084)	Loss 1.5051 (0.9143)	Prec@1 53.125 (78.402)	Prec@5 90.625 (94.227)
Test: [150/782]	Time 0.075 (0.083)	Loss 1.8090 (0.9361)	Prec@1 51.562 (77.690)	Prec@5 84.375 (94.123)
Test: [160/782]	Time 0.066 (0.082)	Loss 1.3462 (0.9540)	Prec@1 64.062 (76.960)	Prec@5 90.625 (94.090)
Test: [170/782]	Time 0.066 (0.081)	Loss 0.6031 (0.9474)	Prec@1 81.250 (77.184)	Prec@5 98.438 (94.189)
Test: [180/782]	Time 0.067 (0.080)	Loss 1.3578 (0.9613)	Prec@1 48.438 (76.735)	Prec@5 90.625 (94.095)
Test: [190/782]	Time 0.067 (0.079)	Loss 0.5877 (0.9657)	Prec@1 84.375 (76.260)	Prec@5 95.312 (94.134)
Test: [200/782]	Time 0.067 (0.079)	Loss 1.2152 (0.9612)	Prec@1 67.188 (76.275)	Prec@5 93.750 (94.255)
Test: [210/782]	Time 0.078 (0.078)	Loss 0.8728 (0.9548)	Prec@1 78.125 (76.251)	Prec@5 95.312 (94.335)
Test: [220/782]	Time 0.076 (0.078)	Loss 1.6338 (0.9592)	Prec@1 34.375 (76.004)	Prec@5 95.312 (94.393)
Test: [230/782]	Time 0.065 (0.078)	Loss 0.5351 (0.9475)	Prec@1 84.375 (76.238)	Prec@5 98.438 (94.481)
Test: [240/782]	Time 0.066 (0.077)	Loss 0.8494 (0.9469)	Prec@1 79.688 (76.251)	Prec@5 95.312 (94.547)
Test: [250/782]	Time 0.065 (0.077)	Loss 0.8381 (0.9473)	Prec@1 62.500 (76.276)	Prec@5 96.875 (94.578)
Test: [260/782]	Time 0.065 (0.078)	Loss 0.2985 (0.9333)	Prec@1 95.312 (76.700)	Prec@5 100.000 (94.678)
Test: [270/782]	Time 0.071 (0.078)	Loss 1.1882 (0.9299)	Prec@1 68.750 (76.903)	Prec@5 93.750 (94.678)
Test: [280/782]	Time 0.113 (0.078)	Loss 1.4048 (0.9287)	Prec@1 48.438 (76.752)	Prec@5 98.438 (94.773)
Test: [290/782]	Time 0.093 (0.078)	Loss 1.4994 (0.9272)	Prec@1 70.312 (76.836)	Prec@5 87.500 (94.733)
Test: [300/782]	Time 0.078 (0.078)	Loss 0.6231 (0.9317)	Prec@1 79.688 (76.749)	Prec@5 96.875 (94.679)
Test: [310/782]	Time 0.088 (0.078)	Loss 0.7327 (0.9270)	Prec@1 90.625 (76.839)	Prec@5 95.312 (94.695)
Test: [320/782]	Time 0.165 (0.079)	Loss 1.4389 (0.9407)	Prec@1 64.062 (76.553)	Prec@5 96.875 (94.616)
Test: [330/782]	Time 0.084 (0.080)	Loss 1.5490 (0.9612)	Prec@1 67.188 (76.289)	Prec@5 87.500 (94.439)
Test: [340/782]	Time 0.073 (0.080)	Loss 1.7799 (0.9765)	Prec@1 56.250 (76.054)	Prec@5 81.250 (94.286)
Test: [350/782]	Time 0.070 (0.080)	Loss 1.1806 (0.9935)	Prec@1 76.562 (75.761)	Prec@5 95.312 (94.124)
Test: [360/782]	Time 0.086 (0.080)	Loss 1.4455 (1.0071)	Prec@1 57.812 (75.606)	Prec@5 95.312 (93.962)
Test: [370/782]	Time 0.073 (0.080)	Loss 1.4906 (1.0259)	Prec@1 71.875 (75.354)	Prec@5 90.625 (93.725)
Test: [380/782]	Time 0.072 (0.079)	Loss 1.5006 (1.0419)	Prec@1 68.750 (75.021)	Prec@5 85.938 (93.574)
Test: [390/782]	Time 0.067 (0.079)	Loss 1.6686 (1.0586)	Prec@1 71.875 (74.736)	Prec@5 85.938 (93.406)
Test: [400/782]	Time 0.069 (0.079)	Loss 1.0369 (1.0747)	Prec@1 81.250 (74.443)	Prec@5 92.188 (93.201)
Test: [410/782]	Time 0.072 (0.079)	Loss 1.0746 (1.0865)	Prec@1 75.000 (74.281)	Prec@5 95.312 (93.062)
Test: [420/782]	Time 0.093 (0.079)	Loss 1.1217 (1.0937)	Prec@1 73.438 (74.202)	Prec@5 90.625 (93.034)
Test: [430/782]	Time 0.077 (0.079)	Loss 1.0716 (1.1025)	Prec@1 82.812 (74.043)	Prec@5 93.750 (92.949)
Test: [440/782]	Time 0.070 (0.079)	Loss 0.8352 (1.1076)	Prec@1 81.250 (74.072)	Prec@5 96.875 (92.871)
Test: [450/782]	Time 0.073 (0.078)	Loss 0.6169 (1.1056)	Prec@1 92.188 (74.227)	Prec@5 96.875 (92.877)
Test: [460/782]	Time 0.076 (0.078)	Loss 2.1493 (1.1202)	Prec@1 60.938 (74.017)	Prec@5 81.250 (92.733)
Test: [470/782]	Time 0.073 (0.078)	Loss 1.6235 (1.1343)	Prec@1 62.500 (73.749)	Prec@5 90.625 (92.592)
Test: [480/782]	Time 0.074 (0.078)	Loss 1.2473 (1.1341)	Prec@1 82.812 (73.860)	Prec@5 90.625 (92.600)
Test: [490/782]	Time 0.070 (0.078)	Loss 0.7911 (1.1478)	Prec@1 79.688 (73.552)	Prec@5 92.188 (92.442)
Test: [500/782]	Time 0.090 (0.078)	Loss 0.8847 (1.1607)	Prec@1 85.938 (73.263)	Prec@5 93.750 (92.322)
Test: [510/782]	Time 0.072 (0.078)	Loss 1.8617 (1.1723)	Prec@1 68.750 (73.171)	Prec@5 82.812 (92.181)
Test: [520/782]	Time 0.073 (0.078)	Loss 1.0923 (1.1828)	Prec@1 84.375 (72.940)	Prec@5 95.312 (92.074)
Test: [530/782]	Time 0.068 (0.078)	Loss 1.9642 (1.1904)	Prec@1 64.062 (72.867)	Prec@5 81.250 (91.996)
Test: [540/782]	Time 0.075 (0.078)	Loss 2.3230 (1.1963)	Prec@1 40.625 (72.747)	Prec@5 82.812 (91.922)
Test: [550/782]	Time 0.073 (0.077)	Loss 0.9360 (1.1989)	Prec@1 75.000 (72.765)	Prec@5 95.312 (91.904)
Test: [560/782]	Time 0.073 (0.077)	Loss 1.9239 (1.2054)	Prec@1 56.250 (72.685)	Prec@5 81.250 (91.837)
Test: [570/782]	Time 0.071 (0.077)	Loss 1.4921 (1.2084)	Prec@1 68.750 (72.652)	Prec@5 89.062 (91.788)
Test: [580/782]	Time 0.070 (0.077)	Loss 1.6732 (1.2187)	Prec@1 62.500 (72.496)	Prec@5 84.375 (91.639)
Test: [590/782]	Time 0.074 (0.077)	Loss 0.6844 (1.2233)	Prec@1 92.188 (72.441)	Prec@5 96.875 (91.614)
Test: [600/782]	Time 0.067 (0.077)	Loss 1.4538 (1.2300)	Prec@1 79.688 (72.400)	Prec@5 90.625 (91.522)
Test: [610/782]	Time 0.068 (0.077)	Loss 1.2953 (1.2338)	Prec@1 78.125 (72.404)	Prec@5 96.875 (91.466)
Test: [620/782]	Time 0.066 (0.077)	Loss 1.9491 (1.2424)	Prec@1 70.312 (72.335)	Prec@5 82.812 (91.360)
Test: [630/782]	Time 0.072 (0.077)	Loss 1.6629 (1.2475)	Prec@1 67.188 (72.284)	Prec@5 82.812 (91.294)
Test: [640/782]	Time 0.065 (0.077)	Loss 1.1572 (1.2532)	Prec@1 76.562 (72.133)	Prec@5 95.312 (91.247)
Test: [650/782]	Time 0.067 (0.077)	Loss 0.7228 (1.2566)	Prec@1 85.938 (72.120)	Prec@5 92.188 (91.215)
Test: [660/782]	Time 0.066 (0.076)	Loss 2.3986 (1.2717)	Prec@1 53.125 (71.858)	Prec@5 70.312 (91.027)
Test: [670/782]	Time 0.067 (0.076)	Loss 1.3334 (1.2723)	Prec@1 71.875 (71.838)	Prec@5 87.500 (91.021)
Test: [680/782]	Time 0.094 (0.076)	Loss 0.9883 (1.2765)	Prec@1 71.875 (71.806)	Prec@5 98.438 (90.992)
Test: [690/782]	Time 0.070 (0.076)	Loss 1.5483 (1.2806)	Prec@1 68.750 (71.739)	Prec@5 89.062 (90.962)
Test: [700/782]	Time 0.068 (0.076)	Loss 1.3776 (1.2862)	Prec@1 75.000 (71.681)	Prec@5 85.938 (90.877)
Test: [710/782]	Time 0.068 (0.077)	Loss 1.6426 (1.2936)	Prec@1 56.250 (71.550)	Prec@5 92.188 (90.790)
Test: [720/782]	Time 0.079 (0.076)	Loss 1.3742 (1.2929)	Prec@1 70.312 (71.602)	Prec@5 95.312 (90.833)
Test: [730/782]	Time 0.070 (0.076)	Loss 1.3201 (1.2920)	Prec@1 71.875 (71.625)	Prec@5 85.938 (90.845)
Test: [740/782]	Time 0.086 (0.076)	Loss 1.0579 (1.2860)	Prec@1 62.500 (71.730)	Prec@5 96.875 (90.910)
Test: [750/782]	Time 0.085 (0.076)	Loss 2.3729 (1.2819)	Prec@1 46.875 (71.858)	Prec@5 75.000 (90.937)
Test: [760/782]	Time 0.076 (0.076)	Loss 1.1012 (1.2856)	Prec@1 76.562 (71.746)	Prec@5 95.312 (90.882)
Test: [770/782]	Time 0.074 (0.076)	Loss 0.0580 (1.2824)	Prec@1 100.000 (71.826)	Prec@5 100.000 (90.929)
Test: [780/782]	Time 0.066 (0.076)	Loss 2.1830 (1.2756)	Prec@1 31.250 (71.959)	Prec@5 81.250 (90.989)
 * Prec@1 71.946 Prec@5 90.980 Loss 1.276 Time 59.693
2026-09-28 18:03:58 - finished the process.
