2026-09-28 15:31:44 - start the process.
Experiment directory: /root/autodl-tmp/FIMA-Q-Reproduction/FIMA-Q/checkpoints/quant_result/20260928_153144_forward_secant_smoke
Namespace(model='vit_small', config='./configs/4bit/forward_secant.py', dataset='../imagenet_fimaq', optim_size=64, val_batch_size=64, num_workers=8, device='cuda:0', calibrate=False, load_calibrate_checkpoint='./checkpoints/quant_result/20260916_1818/vit_small_w4_a4_calibsize_128_mse.pth', test_calibrate_checkpoint=False, optimize=True, load_optimize_checkpoint=None, test_optimize_checkpoint=False, print_freq=10, seed=3407, skip_final_validation=True, optim_batch_size=32, recon_iters=2)
Successfully imported Config class!
optim_size: 64
calib_size: 128
optim_batch_size: 32
calib_batch_size: 32
w_bit: 4
a_bit: 4
qconv_a_bit: 8
qhead_a_bit: 4
calib_metric: mse
matmul_head_channel_wise: True
token_channel_wise: True
eq_n: 128
search_round: 3
keep_gpu: True
optim_metric: forward_secant
temp: 20
k: 5
p1: 1.0
p2: 1.0
dis_mode: q
recon_iters: 2
optim_mode: qdrop
drop_prob: 0.5
Building model ...
No checkpoint found at './checkpoints/vit_raw/vit_small_patch16_224.bin'
Loading pretrained weights from Hugging Face hub (timm/vit_small_patch16_224.augreg_in21k_ft_in1k)
[timm/vit_small_patch16_224.augreg_in21k_ft_in1k] Safe alternative available for 'pytorch_model.bin' (as 'model.safetensors'). Loading weights using safetensors.
Building validation dataloader ...
Wraping quantiztion modules (reparam: False) ...
Restoring checkpoint from './checkpoints/quant_result/20260916_1818/vit_small_w4_a4_calibsize_128_mse.pth'
<All keys matched successfully>
Building calibrator ...
2026-09-28 15:32:02 - start forward_secant guided block reconstruction
reconstructing patch_embed ...
initializing raw input and raw output ...
adaround training for patch_embed ...
finished reconstructing patch_embed.
reconstructing blocks.0 ...
initializing raw input and raw output ...
initializing quanted input ...
adaround training for blocks.0 ...
finished reconstructing blocks.0.
reconstructing blocks.1 ...
initializing raw input and raw output ...
initializing quanted input ...
adaround training for blocks.1 ...
finished reconstructing blocks.1.
reconstructing blocks.2 ...
initializing raw input and raw output ...
initializing quanted input ...
adaround training for blocks.2 ...
finished reconstructing blocks.2.
reconstructing blocks.3 ...
initializing raw input and raw output ...
initializing quanted input ...
adaround training for blocks.3 ...
finished reconstructing blocks.3.
reconstructing blocks.4 ...
initializing raw input and raw output ...
initializing quanted input ...
adaround training for blocks.4 ...
finished reconstructing blocks.4.
reconstructing blocks.5 ...
initializing raw input and raw output ...
initializing quanted input ...
adaround training for blocks.5 ...
finished reconstructing blocks.5.
reconstructing blocks.6 ...
initializing raw input and raw output ...
initializing quanted input ...
adaround training for blocks.6 ...
finished reconstructing blocks.6.
reconstructing blocks.7 ...
initializing raw input and raw output ...
initializing quanted input ...
adaround training for blocks.7 ...
finished reconstructing blocks.7.
reconstructing blocks.8 ...
initializing raw input and raw output ...
initializing quanted input ...
adaround training for blocks.8 ...
finished reconstructing blocks.8.
reconstructing blocks.9 ...
initializing raw input and raw output ...
initializing quanted input ...
adaround training for blocks.9 ...
finished reconstructing blocks.9.
reconstructing blocks.10 ...
initializing raw input and raw output ...
initializing quanted input ...
adaround training for blocks.10 ...
finished reconstructing blocks.10.
reconstructing blocks.11 ...
initializing raw input and raw output ...
initializing quanted input ...
adaround training for blocks.11 ...
finished reconstructing blocks.11.
reconstructing head ...
initializing raw input and raw output ...
initializing quanted input ...
adaround training for head ...
finished reconstructing head.
Block reconstruction elapsed seconds: 22.165
2026-09-28 15:32:24 - forward_secant guided block reconstruction finished.
Saving checkpoint to /root/autodl-tmp/FIMA-Q-Reproduction/FIMA-Q/checkpoints/quant_result/20260928_153144_forward_secant_smoke/vit_small_w4_a4_optimsize_64_forward_secant_dis_mode_q_rank_5_qdrop.pth
2026-09-28 15:32:24 - finished the process.
