2026-10-10 14:27:31 - start the process.
Experiment directory: /root/autodl-tmp/FIMA-Q-Reproduction/FIMA-Q/checkpoints/quant_result/20261010_142731_headwise_rotation_full
Namespace(model='vit_small', config='./configs/4bit/best.py', dataset='../imagenet_fimaq', optim_size=1024, val_batch_size=64, num_workers=8, device='cuda:0', calibrate=True, load_calibrate_checkpoint=None, test_calibrate_checkpoint=False, optimize=True, load_optimize_checkpoint=None, test_optimize_checkpoint=False, print_freq=10, seed=3407, skip_final_validation=False, headwise_hadamard=True, calib_size=128, calib_batch_size=32, optim_batch_size=32, recon_iters=20000, k=5)
Successfully imported Config class!
optim_size: 1024
calib_size: 128
optim_batch_size: 32
calib_batch_size: 32
w_bit: 4
a_bit: 4
qconv_a_bit: 8
qhead_a_bit: 4
calib_metric: mse
matmul_head_channel_wise: True
token_channel_wise: True
eq_n: 128
search_round: 3
keep_gpu: True
optim_metric: fisher_dplr
temp: 20
k: 5
p1: 1.0
p2: 1.0
dis_mode: q
optim_mode: qdrop
drop_prob: 0.5
robust_beta: 0.5
robust_temperature: 0.5
recon_iters: 20000
Building model ...
No checkpoint found at './checkpoints/vit_raw/vit_small_patch16_224.bin'
Loading pretrained weights from Hugging Face hub (timm/vit_small_patch16_224.augreg_in21k_ft_in1k)
[timm/vit_small_patch16_224.augreg_in21k_ft_in1k] Safe alternative available for 'pytorch_model.bin' (as 'model.safetensors'). Loading weights using safetensors.
Applied head-wise Hadamard rotation: {'blocks': 12, 'heads': 72, 'head_dims': [64], 'max_logit_abs_error': 2.9206275939941406e-06}
Building validation dataloader ...
Wraping quantiztion modules (reparam: True) ...
2026-10-10 14:27:34 - start mse guided calibration
2026-10-10 14:32:51 - mse guided calibration finished.
Saving checkpoint to /root/autodl-tmp/FIMA-Q-Reproduction/FIMA-Q/checkpoints/quant_result/20261010_142731_headwise_rotation_full/vit_small_w4_a4_calibsize_128_mse.pth
Validating after calibration ...
Test: [0/782]	Time 1.105 (1.105)	Loss 0.2754 (0.2754)	Prec@1 95.312 (95.312)	Prec@5 98.438 (98.438)
Test: [10/782]	Time 0.079 (0.195)	Loss 0.2827 (0.8596)	Prec@1 96.875 (77.699)	Prec@5 98.438 (93.892)
Test: [20/782]	Time 0.073 (0.138)	Loss 1.0164 (0.8657)	Prec@1 68.750 (78.795)	Prec@5 96.875 (93.006)
Test: [30/782]	Time 0.079 (0.118)	Loss 1.5885 (1.0677)	Prec@1 64.062 (73.538)	Prec@5 82.812 (90.575)
Test: [40/782]	Time 0.076 (0.108)	Loss 0.8863 (1.2207)	Prec@1 79.688 (70.084)	Prec@5 90.625 (88.643)
Test: [50/782]	Time 0.085 (0.102)	Loss 1.5465 (1.3084)	Prec@1 62.500 (67.678)	Prec@5 85.938 (87.776)
Test: [60/782]	Time 0.073 (0.097)	Loss 1.0590 (1.3483)	Prec@1 70.312 (66.265)	Prec@5 93.750 (87.628)
Test: [70/782]	Time 0.073 (0.094)	Loss 0.4609 (1.2987)	Prec@1 87.500 (67.562)	Prec@5 95.312 (88.050)
Test: [80/782]	Time 0.078 (0.092)	Loss 1.1122 (1.2546)	Prec@1 75.000 (68.827)	Prec@5 92.188 (88.349)
Test: [90/782]	Time 0.074 (0.091)	Loss 0.7348 (1.2449)	Prec@1 84.375 (69.214)	Prec@5 98.438 (88.685)
Test: [100/782]	Time 0.074 (0.089)	Loss 1.2258 (1.2596)	Prec@1 68.750 (68.889)	Prec@5 82.812 (88.552)
Test: [110/782]	Time 0.077 (0.088)	Loss 1.0526 (1.2213)	Prec@1 81.250 (70.059)	Prec@5 85.938 (88.894)
Test: [120/782]	Time 0.076 (0.087)	Loss 1.3439 (1.2200)	Prec@1 67.188 (70.054)	Prec@5 87.500 (88.856)
Test: [130/782]	Time 0.073 (0.086)	Loss 2.7856 (1.2519)	Prec@1 26.562 (69.048)	Prec@5 79.688 (88.693)
Test: [140/782]	Time 0.075 (0.085)	Loss 2.1320 (1.2756)	Prec@1 45.312 (68.262)	Prec@5 81.250 (88.564)
Test: [150/782]	Time 0.077 (0.085)	Loss 1.6427 (1.3041)	Prec@1 53.125 (67.374)	Prec@5 79.688 (88.224)
Test: [160/782]	Time 0.074 (0.084)	Loss 1.6687 (1.3249)	Prec@1 54.688 (66.557)	Prec@5 87.500 (88.150)
Test: [170/782]	Time 0.071 (0.083)	Loss 0.8378 (1.3256)	Prec@1 76.562 (66.539)	Prec@5 100.000 (88.185)
Test: [180/782]	Time 0.073 (0.083)	Loss 1.3095 (1.3403)	Prec@1 54.688 (66.177)	Prec@5 90.625 (88.070)
Test: [190/782]	Time 0.073 (0.082)	Loss 1.3833 (1.3554)	Prec@1 67.188 (65.576)	Prec@5 90.625 (88.073)
Test: [200/782]	Time 0.079 (0.082)	Loss 1.4353 (1.3540)	Prec@1 64.062 (65.547)	Prec@5 89.062 (88.200)
Test: [210/782]	Time 0.075 (0.082)	Loss 0.8170 (1.3476)	Prec@1 79.688 (65.551)	Prec@5 95.312 (88.300)
Test: [220/782]	Time 0.076 (0.082)	Loss 2.2906 (1.3499)	Prec@1 18.750 (65.392)	Prec@5 84.375 (88.405)
Test: [230/782]	Time 0.075 (0.082)	Loss 0.6182 (1.3296)	Prec@1 82.812 (65.909)	Prec@5 95.312 (88.636)
Test: [240/782]	Time 0.077 (0.081)	Loss 0.9589 (1.3304)	Prec@1 78.125 (65.956)	Prec@5 90.625 (88.628)
Test: [250/782]	Time 0.074 (0.081)	Loss 0.7662 (1.3340)	Prec@1 79.688 (65.986)	Prec@5 93.750 (88.540)
Test: [260/782]	Time 0.074 (0.081)	Loss 0.2172 (1.3098)	Prec@1 95.312 (66.685)	Prec@5 100.000 (88.763)
Test: [270/782]	Time 0.074 (0.081)	Loss 1.5804 (1.3030)	Prec@1 62.500 (66.986)	Prec@5 84.375 (88.820)
Test: [280/782]	Time 0.087 (0.081)	Loss 1.9925 (1.3078)	Prec@1 43.750 (66.882)	Prec@5 82.812 (88.773)
Test: [290/782]	Time 0.075 (0.081)	Loss 1.6017 (1.2995)	Prec@1 70.312 (67.171)	Prec@5 89.062 (88.848)
Test: [300/782]	Time 0.075 (0.080)	Loss 0.9154 (1.3010)	Prec@1 68.750 (67.141)	Prec@5 96.875 (88.819)
Test: [310/782]	Time 0.073 (0.080)	Loss 1.0127 (1.2928)	Prec@1 79.688 (67.278)	Prec@5 92.188 (88.897)
Test: [320/782]	Time 0.085 (0.080)	Loss 1.0994 (1.3005)	Prec@1 64.062 (67.090)	Prec@5 96.875 (88.843)
Test: [330/782]	Time 0.076 (0.080)	Loss 2.5317 (1.3216)	Prec@1 45.312 (66.664)	Prec@5 70.312 (88.572)
Test: [340/782]	Time 0.074 (0.080)	Loss 1.9215 (1.3315)	Prec@1 46.875 (66.486)	Prec@5 82.812 (88.430)
Test: [350/782]	Time 0.073 (0.080)	Loss 1.1873 (1.3472)	Prec@1 71.875 (66.199)	Prec@5 87.500 (88.217)
Test: [360/782]	Time 0.080 (0.080)	Loss 1.6394 (1.3585)	Prec@1 42.188 (65.984)	Prec@5 90.625 (88.050)
Test: [370/782]	Time 0.076 (0.080)	Loss 2.1736 (1.3776)	Prec@1 50.000 (65.697)	Prec@5 76.562 (87.753)
Test: [380/782]	Time 0.084 (0.080)	Loss 1.2215 (1.3862)	Prec@1 79.688 (65.514)	Prec@5 84.375 (87.648)
Test: [390/782]	Time 0.077 (0.080)	Loss 2.3001 (1.4005)	Prec@1 51.562 (65.309)	Prec@5 71.875 (87.464)
Test: [400/782]	Time 0.078 (0.080)	Loss 2.3045 (1.4181)	Prec@1 51.562 (64.955)	Prec@5 70.312 (87.243)
Test: [410/782]	Time 0.079 (0.080)	Loss 1.0590 (1.4285)	Prec@1 75.000 (64.792)	Prec@5 90.625 (87.105)
Test: [420/782]	Time 0.080 (0.080)	Loss 1.5441 (1.4361)	Prec@1 64.062 (64.686)	Prec@5 82.812 (87.066)
Test: [430/782]	Time 0.084 (0.080)	Loss 1.9826 (1.4460)	Prec@1 56.250 (64.574)	Prec@5 81.250 (86.902)
Test: [440/782]	Time 0.087 (0.080)	Loss 1.8337 (1.4525)	Prec@1 53.125 (64.512)	Prec@5 81.250 (86.745)
Test: [450/782]	Time 0.076 (0.080)	Loss 0.7894 (1.4529)	Prec@1 81.250 (64.610)	Prec@5 95.312 (86.703)
Test: [460/782]	Time 0.076 (0.080)	Loss 2.5940 (1.4649)	Prec@1 45.312 (64.456)	Prec@5 70.312 (86.527)
Test: [470/782]	Time 0.081 (0.080)	Loss 2.5020 (1.4816)	Prec@1 34.375 (64.149)	Prec@5 68.750 (86.243)
Test: [480/782]	Time 0.078 (0.080)	Loss 1.4876 (1.4782)	Prec@1 68.750 (64.306)	Prec@5 82.812 (86.223)
Test: [490/782]	Time 0.078 (0.080)	Loss 1.7742 (1.4989)	Prec@1 65.625 (63.922)	Prec@5 79.688 (85.890)
Test: [500/782]	Time 0.080 (0.080)	Loss 0.7215 (1.5067)	Prec@1 84.375 (63.741)	Prec@5 93.750 (85.831)
Test: [510/782]	Time 0.076 (0.080)	Loss 2.7889 (1.5184)	Prec@1 43.750 (63.619)	Prec@5 71.875 (85.629)
Test: [520/782]	Time 0.081 (0.080)	Loss 1.8803 (1.5335)	Prec@1 59.375 (63.214)	Prec@5 84.375 (85.476)
Test: [530/782]	Time 0.083 (0.080)	Loss 1.5825 (1.5429)	Prec@1 71.875 (63.121)	Prec@5 81.250 (85.328)
Test: [540/782]	Time 0.077 (0.080)	Loss 2.7604 (1.5506)	Prec@1 39.062 (62.997)	Prec@5 73.438 (85.233)
Test: [550/782]	Time 0.071 (0.080)	Loss 1.5764 (1.5508)	Prec@1 65.625 (63.030)	Prec@5 85.938 (85.243)
Test: [560/782]	Time 0.079 (0.080)	Loss 1.8844 (1.5618)	Prec@1 51.562 (62.806)	Prec@5 85.938 (85.121)
Test: [570/782]	Time 0.074 (0.080)	Loss 2.7767 (1.5640)	Prec@1 45.312 (62.801)	Prec@5 65.625 (85.106)
Test: [580/782]	Time 0.079 (0.080)	Loss 2.0229 (1.5756)	Prec@1 50.000 (62.608)	Prec@5 79.688 (84.924)
Test: [590/782]	Time 0.078 (0.080)	Loss 0.8027 (1.5787)	Prec@1 82.812 (62.534)	Prec@5 90.625 (84.872)
Test: [600/782]	Time 0.082 (0.080)	Loss 1.8210 (1.5859)	Prec@1 65.625 (62.469)	Prec@5 78.125 (84.747)
Test: [610/782]	Time 0.076 (0.080)	Loss 1.1103 (1.5895)	Prec@1 73.438 (62.459)	Prec@5 93.750 (84.692)
Test: [620/782]	Time 0.077 (0.080)	Loss 1.4903 (1.5953)	Prec@1 68.750 (62.364)	Prec@5 84.375 (84.599)
Test: [630/782]	Time 0.077 (0.080)	Loss 1.6069 (1.5958)	Prec@1 64.062 (62.376)	Prec@5 81.250 (84.613)
Test: [640/782]	Time 0.078 (0.080)	Loss 1.6201 (1.6059)	Prec@1 68.750 (62.125)	Prec@5 87.500 (84.473)
Test: [650/782]	Time 0.077 (0.080)	Loss 0.5760 (1.6133)	Prec@1 85.938 (62.001)	Prec@5 96.875 (84.365)
Test: [660/782]	Time 0.080 (0.080)	Loss 2.6725 (1.6231)	Prec@1 39.062 (61.779)	Prec@5 70.312 (84.200)
Test: [670/782]	Time 0.076 (0.080)	Loss 1.7038 (1.6272)	Prec@1 56.250 (61.683)	Prec@5 82.812 (84.163)
Test: [680/782]	Time 0.085 (0.080)	Loss 1.3684 (1.6299)	Prec@1 57.812 (61.598)	Prec@5 95.312 (84.123)
Test: [690/782]	Time 0.080 (0.080)	Loss 1.3528 (1.6315)	Prec@1 64.062 (61.559)	Prec@5 87.500 (84.074)
Test: [700/782]	Time 0.076 (0.080)	Loss 1.8675 (1.6395)	Prec@1 46.875 (61.392)	Prec@5 85.938 (83.965)
Test: [710/782]	Time 0.079 (0.080)	Loss 2.2384 (1.6477)	Prec@1 42.188 (61.201)	Prec@5 81.250 (83.863)
Test: [720/782]	Time 0.083 (0.080)	Loss 1.9283 (1.6459)	Prec@1 48.438 (61.245)	Prec@5 89.062 (83.922)
Test: [730/782]	Time 0.077 (0.080)	Loss 1.4351 (1.6425)	Prec@1 64.062 (61.322)	Prec@5 89.062 (83.982)
Test: [740/782]	Time 0.082 (0.080)	Loss 1.0791 (1.6337)	Prec@1 59.375 (61.471)	Prec@5 100.000 (84.103)
Test: [750/782]	Time 0.076 (0.080)	Loss 3.1785 (1.6284)	Prec@1 25.000 (61.603)	Prec@5 57.812 (84.161)
Test: [760/782]	Time 0.084 (0.080)	Loss 0.9284 (1.6294)	Prec@1 71.875 (61.597)	Prec@5 95.312 (84.149)
Test: [770/782]	Time 0.082 (0.079)	Loss 0.0344 (1.6230)	Prec@1 100.000 (61.728)	Prec@5 100.000 (84.231)
Test: [780/782]	Time 0.077 (0.079)	Loss 2.4577 (1.6133)	Prec@1 28.125 (61.942)	Prec@5 78.125 (84.351)
 * Prec@1 61.936 Prec@5 84.344 Loss 1.614 Time 62.205
Building calibrator ...
2026-10-10 14:34:27 - start fisher_dplr guided block reconstruction
reconstructing patch_embed ...
initializing raw input and raw output ...
adaround training for patch_embed ...
finished reconstructing patch_embed.
reconstructing blocks.0 ...
initializing raw input and raw output ...
initializing quanted input ...
adaround training for blocks.0 ...
finished reconstructing blocks.0.
reconstructing blocks.1 ...
initializing raw input and raw output ...
initializing quanted input ...
adaround training for blocks.1 ...
finished reconstructing blocks.1.
reconstructing blocks.2 ...
initializing raw input and raw output ...
initializing quanted input ...
adaround training for blocks.2 ...
finished reconstructing blocks.2.
reconstructing blocks.3 ...
initializing raw input and raw output ...
initializing quanted input ...
adaround training for blocks.3 ...
finished reconstructing blocks.3.
reconstructing blocks.4 ...
initializing raw input and raw output ...
initializing quanted input ...
adaround training for blocks.4 ...
finished reconstructing blocks.4.
reconstructing blocks.5 ...
initializing raw input and raw output ...
initializing quanted input ...
adaround training for blocks.5 ...
finished reconstructing blocks.5.
reconstructing blocks.6 ...
initializing raw input and raw output ...
initializing quanted input ...
adaround training for blocks.6 ...
finished reconstructing blocks.6.
reconstructing blocks.7 ...
initializing raw input and raw output ...
initializing quanted input ...
adaround training for blocks.7 ...
finished reconstructing blocks.7.
reconstructing blocks.8 ...
initializing raw input and raw output ...
initializing quanted input ...
adaround training for blocks.8 ...
finished reconstructing blocks.8.
reconstructing blocks.9 ...
initializing raw input and raw output ...
initializing quanted input ...
adaround training for blocks.9 ...
finished reconstructing blocks.9.
reconstructing blocks.10 ...
initializing raw input and raw output ...
initializing quanted input ...
adaround training for blocks.10 ...
finished reconstructing blocks.10.
reconstructing blocks.11 ...
initializing raw input and raw output ...
initializing quanted input ...
adaround training for blocks.11 ...
finished reconstructing blocks.11.
reconstructing head ...
initializing raw input and raw output ...
initializing quanted input ...
adaround training for head ...
finished reconstructing head.
Block reconstruction elapsed seconds: 7161.333
2026-10-10 16:33:48 - fisher_dplr guided block reconstruction finished.
Saving checkpoint to /root/autodl-tmp/FIMA-Q-Reproduction/FIMA-Q/checkpoints/quant_result/20261010_142731_headwise_rotation_full/vit_small_w4_a4_optimsize_1024_fisher_dplr_dis_mode_q_rank_5_qdrop.pth
Validating on calibration set after block reconstruction ...
Test: [0/32]	Time 1.248 (1.248)	Loss 0.3253 (0.3253)	Prec@1 93.750 (93.750)	Prec@5 100.000 (100.000)
Test: [10/32]	Time 0.025 (0.154)	Loss 0.5194 (0.5341)	Prec@1 81.250 (85.795)	Prec@5 96.875 (96.307)
Test: [20/32]	Time 0.025 (0.092)	Loss 0.7035 (0.5714)	Prec@1 84.375 (84.673)	Prec@5 100.000 (96.280)
Test: [30/32]	Time 0.025 (0.071)	Loss 0.5247 (0.5988)	Prec@1 84.375 (83.972)	Prec@5 100.000 (96.069)
 * Prec@1 83.691 Prec@5 95.996 Loss 0.604 Time 2.355
Validating on test set after block reconstruction ...
Test: [0/782]	Time 1.886 (1.886)	Loss 0.3642 (0.3642)	Prec@1 93.750 (93.750)	Prec@5 96.875 (96.875)
Test: [10/782]	Time 0.075 (0.255)	Loss 0.1052 (0.4435)	Prec@1 95.312 (87.216)	Prec@5 100.000 (97.443)
Test: [20/782]	Time 0.078 (0.169)	Loss 0.7175 (0.4290)	Prec@1 73.438 (88.467)	Prec@5 98.438 (97.024)
Test: [30/782]	Time 0.071 (0.138)	Loss 0.4741 (0.5500)	Prec@1 81.250 (84.728)	Prec@5 98.438 (96.472)
Test: [40/782]	Time 0.072 (0.122)	Loss 0.2976 (0.6006)	Prec@1 93.750 (83.079)	Prec@5 98.438 (96.303)
Test: [50/782]	Time 0.077 (0.113)	Loss 0.9905 (0.6903)	Prec@1 75.000 (81.127)	Prec@5 95.312 (95.803)
Test: [60/782]	Time 0.080 (0.106)	Loss 0.8243 (0.7204)	Prec@1 79.688 (79.816)	Prec@5 95.312 (95.645)
Test: [70/782]	Time 0.071 (0.102)	Loss 0.2373 (0.6854)	Prec@1 93.750 (81.074)	Prec@5 96.875 (95.929)
Test: [80/782]	Time 0.072 (0.098)	Loss 0.5188 (0.6431)	Prec@1 87.500 (82.311)	Prec@5 96.875 (96.161)
Test: [90/782]	Time 0.075 (0.096)	Loss 0.5070 (0.6433)	Prec@1 84.375 (82.486)	Prec@5 100.000 (96.085)
Test: [100/782]	Time 0.090 (0.094)	Loss 0.5931 (0.6521)	Prec@1 82.812 (82.410)	Prec@5 98.438 (96.040)
Test: [110/782]	Time 0.072 (0.092)	Loss 0.3655 (0.6221)	Prec@1 89.062 (83.164)	Prec@5 96.875 (96.185)
Test: [120/782]	Time 0.073 (0.091)	Loss 0.7853 (0.6090)	Prec@1 82.812 (83.394)	Prec@5 92.188 (96.333)
Test: [130/782]	Time 0.072 (0.089)	Loss 1.5348 (0.6398)	Prec@1 48.438 (82.490)	Prec@5 92.188 (96.088)
Test: [140/782]	Time 0.077 (0.088)	Loss 1.2398 (0.6618)	Prec@1 62.500 (81.871)	Prec@5 89.062 (95.911)
Test: [150/782]	Time 0.072 (0.088)	Loss 0.9670 (0.6772)	Prec@1 70.312 (81.478)	Prec@5 92.188 (95.809)
Test: [160/782]	Time 0.072 (0.087)	Loss 1.0412 (0.6977)	Prec@1 64.062 (80.609)	Prec@5 96.875 (95.788)
Test: [170/782]	Time 0.076 (0.086)	Loss 0.3296 (0.6949)	Prec@1 90.625 (80.757)	Prec@5 100.000 (95.815)
Test: [180/782]	Time 0.081 (0.085)	Loss 0.9979 (0.7105)	Prec@1 60.938 (80.447)	Prec@5 92.188 (95.632)
Test: [190/782]	Time 0.077 (0.085)	Loss 0.4761 (0.7180)	Prec@1 85.938 (79.974)	Prec@5 96.875 (95.656)
Test: [200/782]	Time 0.072 (0.084)	Loss 0.9549 (0.7164)	Prec@1 73.438 (79.921)	Prec@5 93.750 (95.701)
Test: [210/782]	Time 0.075 (0.084)	Loss 0.8209 (0.7123)	Prec@1 78.125 (79.969)	Prec@5 96.875 (95.779)
Test: [220/782]	Time 0.088 (0.083)	Loss 1.9108 (0.7242)	Prec@1 26.562 (79.589)	Prec@5 92.188 (95.758)
Test: [230/782]	Time 0.073 (0.083)	Loss 0.3187 (0.7174)	Prec@1 87.500 (79.884)	Prec@5 100.000 (95.847)
Test: [240/782]	Time 0.073 (0.083)	Loss 0.5012 (0.7169)	Prec@1 82.812 (79.888)	Prec@5 98.438 (95.870)
Test: [250/782]	Time 0.075 (0.082)	Loss 0.6210 (0.7172)	Prec@1 78.125 (79.943)	Prec@5 98.438 (95.873)
Test: [260/782]	Time 0.084 (0.082)	Loss 0.1078 (0.7055)	Prec@1 96.875 (80.298)	Prec@5 100.000 (95.929)
Test: [270/782]	Time 0.074 (0.082)	Loss 0.7143 (0.7002)	Prec@1 78.125 (80.443)	Prec@5 95.312 (95.958)
Test: [280/782]	Time 0.075 (0.082)	Loss 1.1595 (0.7010)	Prec@1 57.812 (80.316)	Prec@5 98.438 (96.013)
Test: [290/782]	Time 0.076 (0.081)	Loss 1.2913 (0.7009)	Prec@1 71.875 (80.445)	Prec@5 92.188 (95.962)
Test: [300/782]	Time 0.080 (0.081)	Loss 0.5649 (0.7091)	Prec@1 79.688 (80.238)	Prec@5 96.875 (95.863)
Test: [310/782]	Time 0.079 (0.081)	Loss 0.4428 (0.7056)	Prec@1 90.625 (80.356)	Prec@5 96.875 (95.875)
Test: [320/782]	Time 0.083 (0.081)	Loss 0.6432 (0.7112)	Prec@1 75.000 (80.213)	Prec@5 100.000 (95.819)
Test: [330/782]	Time 0.073 (0.081)	Loss 0.8926 (0.7199)	Prec@1 76.562 (79.994)	Prec@5 92.188 (95.742)
Test: [340/782]	Time 0.081 (0.081)	Loss 1.5800 (0.7254)	Prec@1 51.562 (79.816)	Prec@5 90.625 (95.670)
Test: [350/782]	Time 0.079 (0.081)	Loss 0.5898 (0.7331)	Prec@1 81.250 (79.639)	Prec@5 100.000 (95.624)
Test: [360/782]	Time 0.076 (0.081)	Loss 1.2852 (0.7392)	Prec@1 46.875 (79.488)	Prec@5 95.312 (95.538)
Test: [370/782]	Time 0.087 (0.081)	Loss 0.9639 (0.7489)	Prec@1 75.000 (79.330)	Prec@5 95.312 (95.451)
Test: [380/782]	Time 0.072 (0.081)	Loss 0.7748 (0.7582)	Prec@1 79.688 (79.093)	Prec@5 92.188 (95.366)
Test: [390/782]	Time 0.080 (0.081)	Loss 1.1125 (0.7705)	Prec@1 70.312 (78.832)	Prec@5 85.938 (95.241)
Test: [400/782]	Time 0.078 (0.081)	Loss 0.5591 (0.7811)	Prec@1 81.250 (78.600)	Prec@5 95.312 (95.110)
Test: [410/782]	Time 0.078 (0.081)	Loss 0.5872 (0.7853)	Prec@1 82.812 (78.475)	Prec@5 96.875 (95.069)
Test: [420/782]	Time 0.077 (0.081)	Loss 0.5873 (0.7887)	Prec@1 87.500 (78.437)	Prec@5 95.312 (95.053)
Test: [430/782]	Time 0.078 (0.080)	Loss 0.6637 (0.7937)	Prec@1 81.250 (78.361)	Prec@5 95.312 (94.997)
Test: [440/782]	Time 0.078 (0.080)	Loss 0.3753 (0.7943)	Prec@1 87.500 (78.377)	Prec@5 100.000 (94.951)
Test: [450/782]	Time 0.079 (0.080)	Loss 0.4311 (0.7892)	Prec@1 92.188 (78.565)	Prec@5 95.312 (94.970)
Test: [460/782]	Time 0.073 (0.080)	Loss 1.3130 (0.7975)	Prec@1 71.875 (78.372)	Prec@5 89.062 (94.875)
Test: [470/782]	Time 0.081 (0.080)	Loss 1.1895 (0.8046)	Prec@1 68.750 (78.198)	Prec@5 95.312 (94.815)
Test: [480/782]	Time 0.073 (0.080)	Loss 0.6721 (0.8012)	Prec@1 84.375 (78.317)	Prec@5 95.312 (94.815)
Test: [490/782]	Time 0.071 (0.080)	Loss 0.6304 (0.8093)	Prec@1 85.938 (78.077)	Prec@5 90.625 (94.714)
Test: [500/782]	Time 0.070 (0.080)	Loss 0.3440 (0.8154)	Prec@1 90.625 (77.885)	Prec@5 96.875 (94.667)
Test: [510/782]	Time 0.070 (0.080)	Loss 1.3392 (0.8211)	Prec@1 71.875 (77.798)	Prec@5 85.938 (94.569)
Test: [520/782]	Time 0.079 (0.080)	Loss 0.6774 (0.8290)	Prec@1 87.500 (77.567)	Prec@5 95.312 (94.527)
Test: [530/782]	Time 0.074 (0.079)	Loss 1.0030 (0.8317)	Prec@1 82.812 (77.557)	Prec@5 90.625 (94.480)
Test: [540/782]	Time 0.076 (0.079)	Loss 1.6731 (0.8347)	Prec@1 53.125 (77.504)	Prec@5 87.500 (94.452)
Test: [550/782]	Time 0.077 (0.079)	Loss 0.5994 (0.8330)	Prec@1 79.688 (77.564)	Prec@5 98.438 (94.465)
Test: [560/782]	Time 0.081 (0.079)	Loss 1.2820 (0.8371)	Prec@1 62.500 (77.496)	Prec@5 89.062 (94.421)
Test: [570/782]	Time 0.074 (0.079)	Loss 1.0269 (0.8388)	Prec@1 73.438 (77.509)	Prec@5 90.625 (94.393)
Test: [580/782]	Time 0.078 (0.079)	Loss 1.0820 (0.8427)	Prec@1 65.625 (77.450)	Prec@5 93.750 (94.317)
Test: [590/782]	Time 0.084 (0.079)	Loss 0.4821 (0.8450)	Prec@1 87.500 (77.387)	Prec@5 96.875 (94.287)
Test: [600/782]	Time 0.083 (0.079)	Loss 0.6348 (0.8469)	Prec@1 79.688 (77.379)	Prec@5 95.312 (94.226)
Test: [610/782]	Time 0.074 (0.079)	Loss 0.5219 (0.8480)	Prec@1 82.812 (77.353)	Prec@5 96.875 (94.203)
Test: [620/782]	Time 0.076 (0.079)	Loss 1.3098 (0.8516)	Prec@1 68.750 (77.257)	Prec@5 90.625 (94.137)
Test: [630/782]	Time 0.091 (0.079)	Loss 1.1557 (0.8527)	Prec@1 67.188 (77.251)	Prec@5 87.500 (94.119)
Test: [640/782]	Time 0.074 (0.079)	Loss 0.6927 (0.8571)	Prec@1 85.938 (77.089)	Prec@5 95.312 (94.079)
Test: [650/782]	Time 0.074 (0.079)	Loss 0.4091 (0.8575)	Prec@1 90.625 (77.112)	Prec@5 95.312 (94.067)
Test: [660/782]	Time 0.076 (0.079)	Loss 1.1606 (0.8649)	Prec@1 68.750 (76.893)	Prec@5 85.938 (93.984)
Test: [670/782]	Time 0.081 (0.079)	Loss 0.8643 (0.8669)	Prec@1 76.562 (76.802)	Prec@5 92.188 (93.962)
Test: [680/782]	Time 0.083 (0.079)	Loss 0.6006 (0.8682)	Prec@1 79.688 (76.780)	Prec@5 100.000 (93.961)
Test: [690/782]	Time 0.080 (0.079)	Loss 1.1084 (0.8676)	Prec@1 68.750 (76.800)	Prec@5 92.188 (93.960)
Test: [700/782]	Time 0.070 (0.079)	Loss 1.0197 (0.8698)	Prec@1 70.312 (76.763)	Prec@5 93.750 (93.942)
Test: [710/782]	Time 0.086 (0.079)	Loss 1.1399 (0.8761)	Prec@1 64.062 (76.617)	Prec@5 96.875 (93.882)
Test: [720/782]	Time 0.081 (0.079)	Loss 0.6599 (0.8740)	Prec@1 82.812 (76.686)	Prec@5 96.875 (93.913)
Test: [730/782]	Time 0.084 (0.079)	Loss 0.9699 (0.8739)	Prec@1 76.562 (76.676)	Prec@5 89.062 (93.917)
Test: [740/782]	Time 0.082 (0.079)	Loss 1.0577 (0.8703)	Prec@1 60.938 (76.746)	Prec@5 100.000 (93.974)
Test: [750/782]	Time 0.079 (0.079)	Loss 1.5998 (0.8668)	Prec@1 68.750 (76.877)	Prec@5 85.938 (93.991)
Test: [760/782]	Time 0.079 (0.079)	Loss 0.7612 (0.8709)	Prec@1 78.125 (76.786)	Prec@5 98.438 (93.957)
Test: [770/782]	Time 0.079 (0.079)	Loss 0.0060 (0.8697)	Prec@1 100.000 (76.810)	Prec@5 100.000 (93.977)
Test: [780/782]	Time 0.076 (0.079)	Loss 1.5461 (0.8650)	Prec@1 43.750 (76.907)	Prec@5 89.062 (94.016)
 * Prec@1 76.894 Prec@5 94.008 Loss 0.866 Time 62.259
2026-10-10 16:34:53 - finished the process.
