2026-10-09 19:27:45 - start the process.
Experiment directory: /root/autodl-tmp/FIMA-Q-Reproduction/FIMA-Q/checkpoints/quant_result/20261009_192745
Namespace(model='vit_small', config='./configs/4bit/best.py', dataset='../imagenet_fimaq', optim_size=1024, val_batch_size=64, num_workers=8, device='cuda', calibrate=False, load_calibrate_checkpoint=None, test_calibrate_checkpoint=False, optimize=False, load_optimize_checkpoint='./checkpoints/quant_result/20260916_1917/vit_small_w4_a4_optimsize_1024_fisher_dplr_dis_mode_q_rank_5_qdrop.pth', test_optimize_checkpoint=True, print_freq=10, seed=3407, skip_final_validation=False, headwise_hadamard=False)
Successfully imported Config class!
optim_size: 1024
calib_size: 128
optim_batch_size: 32
calib_batch_size: 32
w_bit: 4
a_bit: 4
qconv_a_bit: 8
qhead_a_bit: 4
calib_metric: mse
matmul_head_channel_wise: True
token_channel_wise: True
eq_n: 128
search_round: 3
keep_gpu: True
optim_metric: fisher_dplr
temp: 20
k: 5
p1: 1.0
p2: 1.0
dis_mode: q
optim_mode: qdrop
drop_prob: 0.5
robust_beta: 0.5
robust_temperature: 0.5
recon_iters: 20000
Building model ...
No checkpoint found at './checkpoints/vit_raw/vit_small_patch16_224.bin'
Loading pretrained weights from Hugging Face hub (timm/vit_small_patch16_224.augreg_in21k_ft_in1k)
[timm/vit_small_patch16_224.augreg_in21k_ft_in1k] Safe alternative available for 'pytorch_model.bin' (as 'model.safetensors'). Loading weights using safetensors.
Building validation dataloader ...
Wraping quantiztion modules (reparam: False) ...
Building calibrator ...
<All keys matched successfully>
Validating on calibration set after block reconstruction ...
Test: [0/32]	Time 1.283 (1.283)	Loss 0.4239 (0.4239)	Prec@1 87.500 (87.500)	Prec@5 96.875 (96.875)
Test: [10/32]	Time 0.026 (0.140)	Loss 0.8036 (0.7047)	Prec@1 81.250 (83.239)	Prec@5 93.750 (94.602)
Test: [20/32]	Time 0.025 (0.086)	Loss 0.5491 (0.7035)	Prec@1 84.375 (81.548)	Prec@5 100.000 (95.387)
Test: [30/32]	Time 0.026 (0.066)	Loss 0.6237 (0.7138)	Prec@1 81.250 (81.754)	Prec@5 96.875 (95.262)
 * Prec@1 81.543 Prec@5 95.215 Loss 0.717 Time 2.158
Validating on test set after block reconstruction ...
Test: [0/782]	Time 1.113 (1.113)	Loss 0.4502 (0.4502)	Prec@1 95.312 (95.312)	Prec@5 96.875 (96.875)
Test: [10/782]	Time 0.079 (0.187)	Loss 0.0721 (0.4557)	Prec@1 95.312 (87.358)	Prec@5 100.000 (97.159)
Test: [20/782]	Time 0.075 (0.134)	Loss 0.7098 (0.4333)	Prec@1 73.438 (88.318)	Prec@5 96.875 (97.173)
Test: [30/782]	Time 0.074 (0.116)	Loss 0.5470 (0.5805)	Prec@1 87.500 (84.325)	Prec@5 95.312 (96.421)
Test: [40/782]	Time 0.082 (0.106)	Loss 0.2758 (0.6325)	Prec@1 93.750 (82.851)	Prec@5 100.000 (96.113)
Test: [50/782]	Time 0.127 (0.102)	Loss 1.2313 (0.7206)	Prec@1 64.062 (80.362)	Prec@5 93.750 (95.527)
Test: [60/782]	Time 0.078 (0.097)	Loss 0.8856 (0.7427)	Prec@1 71.875 (79.022)	Prec@5 95.312 (95.569)
Test: [70/782]	Time 0.077 (0.094)	Loss 0.2636 (0.7049)	Prec@1 95.312 (80.392)	Prec@5 96.875 (95.731)
Test: [80/782]	Time 0.076 (0.092)	Loss 0.5748 (0.6678)	Prec@1 87.500 (81.539)	Prec@5 96.875 (95.891)
Test: [90/782]	Time 0.074 (0.091)	Loss 0.4477 (0.6635)	Prec@1 85.938 (81.817)	Prec@5 100.000 (95.965)
Test: [100/782]	Time 0.076 (0.089)	Loss 0.6189 (0.6767)	Prec@1 82.812 (81.482)	Prec@5 95.312 (95.869)
Test: [110/782]	Time 0.074 (0.088)	Loss 0.4454 (0.6476)	Prec@1 89.062 (82.221)	Prec@5 95.312 (96.002)
Test: [120/782]	Time 0.075 (0.087)	Loss 0.8909 (0.6346)	Prec@1 76.562 (82.619)	Prec@5 93.750 (96.074)
Test: [130/782]	Time 0.075 (0.086)	Loss 1.5109 (0.6640)	Prec@1 53.125 (81.775)	Prec@5 90.625 (95.885)
Test: [140/782]	Time 0.072 (0.085)	Loss 1.3082 (0.6810)	Prec@1 62.500 (81.261)	Prec@5 90.625 (95.767)
Test: [150/782]	Time 0.074 (0.085)	Loss 1.0013 (0.6982)	Prec@1 70.312 (80.774)	Prec@5 93.750 (95.613)
Test: [160/782]	Time 0.077 (0.084)	Loss 0.9876 (0.7162)	Prec@1 71.875 (80.056)	Prec@5 92.188 (95.545)
Test: [170/782]	Time 0.074 (0.084)	Loss 0.3545 (0.7136)	Prec@1 93.750 (80.227)	Prec@5 98.438 (95.596)
Test: [180/782]	Time 0.081 (0.083)	Loss 0.8827 (0.7284)	Prec@1 68.750 (79.972)	Prec@5 92.188 (95.459)
Test: [190/782]	Time 0.076 (0.083)	Loss 0.5781 (0.7393)	Prec@1 84.375 (79.434)	Prec@5 96.875 (95.492)
Test: [200/782]	Time 0.076 (0.083)	Loss 0.8791 (0.7359)	Prec@1 82.812 (79.555)	Prec@5 93.750 (95.569)
Test: [210/782]	Time 0.075 (0.082)	Loss 0.7765 (0.7325)	Prec@1 79.688 (79.576)	Prec@5 96.875 (95.646)
Test: [220/782]	Time 0.073 (0.082)	Loss 1.7328 (0.7439)	Prec@1 28.125 (79.249)	Prec@5 93.750 (95.624)
Test: [230/782]	Time 0.070 (0.082)	Loss 0.3957 (0.7383)	Prec@1 89.062 (79.478)	Prec@5 98.438 (95.678)
Test: [240/782]	Time 0.080 (0.081)	Loss 0.5105 (0.7374)	Prec@1 84.375 (79.525)	Prec@5 96.875 (95.721)
Test: [250/782]	Time 0.076 (0.081)	Loss 0.4894 (0.7379)	Prec@1 75.000 (79.538)	Prec@5 100.000 (95.730)
Test: [260/782]	Time 0.075 (0.081)	Loss 0.1926 (0.7260)	Prec@1 95.312 (79.933)	Prec@5 100.000 (95.791)
Test: [270/782]	Time 0.074 (0.081)	Loss 0.8564 (0.7229)	Prec@1 67.188 (80.057)	Prec@5 95.312 (95.785)
Test: [280/782]	Time 0.077 (0.081)	Loss 1.0568 (0.7233)	Prec@1 57.812 (79.921)	Prec@5 100.000 (95.846)
Test: [290/782]	Time 0.076 (0.080)	Loss 1.2557 (0.7233)	Prec@1 73.438 (80.069)	Prec@5 95.312 (95.828)
Test: [300/782]	Time 0.076 (0.080)	Loss 0.5295 (0.7301)	Prec@1 78.125 (79.895)	Prec@5 98.438 (95.723)
Test: [310/782]	Time 0.074 (0.080)	Loss 0.4405 (0.7280)	Prec@1 89.062 (79.914)	Prec@5 98.438 (95.735)
Test: [320/782]	Time 0.081 (0.080)	Loss 0.6774 (0.7338)	Prec@1 78.125 (79.765)	Prec@5 100.000 (95.687)
Test: [330/782]	Time 0.070 (0.080)	Loss 0.9408 (0.7440)	Prec@1 75.000 (79.513)	Prec@5 92.188 (95.596)
Test: [340/782]	Time 0.075 (0.080)	Loss 1.7896 (0.7486)	Prec@1 43.750 (79.353)	Prec@5 85.938 (95.560)
Test: [350/782]	Time 0.077 (0.079)	Loss 0.5925 (0.7592)	Prec@1 87.500 (79.113)	Prec@5 96.875 (95.468)
Test: [360/782]	Time 0.078 (0.079)	Loss 1.2256 (0.7658)	Prec@1 53.125 (78.939)	Prec@5 96.875 (95.364)
Test: [370/782]	Time 0.075 (0.079)	Loss 0.9175 (0.7767)	Prec@1 79.688 (78.719)	Prec@5 93.750 (95.245)
Test: [380/782]	Time 0.073 (0.079)	Loss 0.7317 (0.7839)	Prec@1 81.250 (78.457)	Prec@5 92.188 (95.148)
Test: [390/782]	Time 0.073 (0.079)	Loss 1.1731 (0.7948)	Prec@1 68.750 (78.233)	Prec@5 89.062 (95.061)
Test: [400/782]	Time 0.075 (0.079)	Loss 0.4359 (0.8050)	Prec@1 92.188 (78.012)	Prec@5 98.438 (94.923)
Test: [410/782]	Time 0.079 (0.079)	Loss 0.8279 (0.8098)	Prec@1 76.562 (77.870)	Prec@5 90.625 (94.856)
Test: [420/782]	Time 0.077 (0.079)	Loss 0.6227 (0.8140)	Prec@1 87.500 (77.824)	Prec@5 95.312 (94.823)
Test: [430/782]	Time 0.073 (0.079)	Loss 0.6267 (0.8174)	Prec@1 82.812 (77.755)	Prec@5 96.875 (94.783)
Test: [440/782]	Time 0.074 (0.079)	Loss 0.4675 (0.8172)	Prec@1 89.062 (77.795)	Prec@5 100.000 (94.770)
Test: [450/782]	Time 0.078 (0.079)	Loss 0.3816 (0.8135)	Prec@1 92.188 (77.934)	Prec@5 96.875 (94.786)
Test: [460/782]	Time 0.076 (0.079)	Loss 1.2850 (0.8213)	Prec@1 68.750 (77.756)	Prec@5 87.500 (94.679)
Test: [470/782]	Time 0.076 (0.079)	Loss 1.1394 (0.8280)	Prec@1 73.438 (77.654)	Prec@5 93.750 (94.599)
Test: [480/782]	Time 0.077 (0.079)	Loss 0.8269 (0.8237)	Prec@1 82.812 (77.813)	Prec@5 93.750 (94.601)
Test: [490/782]	Time 0.075 (0.078)	Loss 0.5196 (0.8332)	Prec@1 85.938 (77.559)	Prec@5 95.312 (94.485)
Test: [500/782]	Time 0.077 (0.078)	Loss 0.3501 (0.8389)	Prec@1 90.625 (77.361)	Prec@5 100.000 (94.449)
Test: [510/782]	Time 0.073 (0.078)	Loss 1.4995 (0.8439)	Prec@1 71.875 (77.299)	Prec@5 85.938 (94.374)
Test: [520/782]	Time 0.072 (0.078)	Loss 0.7422 (0.8511)	Prec@1 79.688 (77.069)	Prec@5 96.875 (94.335)
Test: [530/782]	Time 0.079 (0.078)	Loss 1.0642 (0.8543)	Prec@1 73.438 (77.051)	Prec@5 92.188 (94.306)
Test: [540/782]	Time 0.083 (0.078)	Loss 1.6951 (0.8582)	Prec@1 48.438 (76.952)	Prec@5 90.625 (94.287)
Test: [550/782]	Time 0.077 (0.078)	Loss 0.6974 (0.8568)	Prec@1 76.562 (77.002)	Prec@5 95.312 (94.294)
Test: [560/782]	Time 0.070 (0.078)	Loss 1.1375 (0.8600)	Prec@1 65.625 (76.930)	Prec@5 92.188 (94.251)
Test: [570/782]	Time 0.075 (0.078)	Loss 0.8886 (0.8608)	Prec@1 76.562 (76.959)	Prec@5 90.625 (94.210)
Test: [580/782]	Time 0.077 (0.078)	Loss 0.9766 (0.8644)	Prec@1 71.875 (76.928)	Prec@5 95.312 (94.153)
Test: [590/782]	Time 0.074 (0.078)	Loss 0.5660 (0.8668)	Prec@1 87.500 (76.853)	Prec@5 96.875 (94.133)
Test: [600/782]	Time 0.073 (0.078)	Loss 0.5839 (0.8692)	Prec@1 82.812 (76.835)	Prec@5 95.312 (94.083)
Test: [610/782]	Time 0.072 (0.078)	Loss 0.4143 (0.8706)	Prec@1 87.500 (76.834)	Prec@5 96.875 (94.036)
Test: [620/782]	Time 0.075 (0.078)	Loss 1.3871 (0.8733)	Prec@1 73.438 (76.796)	Prec@5 85.938 (93.997)
Test: [630/782]	Time 0.071 (0.078)	Loss 0.9375 (0.8735)	Prec@1 78.125 (76.820)	Prec@5 92.188 (93.993)
Test: [640/782]	Time 0.072 (0.077)	Loss 0.7632 (0.8787)	Prec@1 78.125 (76.658)	Prec@5 95.312 (93.943)
Test: [650/782]	Time 0.073 (0.077)	Loss 0.3975 (0.8786)	Prec@1 90.625 (76.687)	Prec@5 95.312 (93.925)
Test: [660/782]	Time 0.075 (0.077)	Loss 1.7710 (0.8874)	Prec@1 57.812 (76.461)	Prec@5 82.812 (93.826)
Test: [670/782]	Time 0.070 (0.077)	Loss 0.8975 (0.8887)	Prec@1 79.688 (76.381)	Prec@5 92.188 (93.820)
Test: [680/782]	Time 0.073 (0.077)	Loss 0.6079 (0.8901)	Prec@1 70.312 (76.333)	Prec@5 100.000 (93.817)
Test: [690/782]	Time 0.077 (0.077)	Loss 1.0312 (0.8896)	Prec@1 70.312 (76.341)	Prec@5 93.750 (93.827)
Test: [700/782]	Time 0.075 (0.077)	Loss 0.6985 (0.8908)	Prec@1 81.250 (76.331)	Prec@5 96.875 (93.801)
Test: [710/782]	Time 0.079 (0.077)	Loss 1.5220 (0.8969)	Prec@1 50.000 (76.169)	Prec@5 93.750 (93.750)
Test: [720/782]	Time 0.075 (0.077)	Loss 0.6681 (0.8947)	Prec@1 81.250 (76.224)	Prec@5 96.875 (93.780)
Test: [730/782]	Time 0.073 (0.077)	Loss 0.9432 (0.8946)	Prec@1 82.812 (76.240)	Prec@5 89.062 (93.786)
Test: [740/782]	Time 0.074 (0.077)	Loss 1.1424 (0.8913)	Prec@1 60.938 (76.307)	Prec@5 98.438 (93.834)
Test: [750/782]	Time 0.073 (0.077)	Loss 1.7281 (0.8881)	Prec@1 56.250 (76.413)	Prec@5 87.500 (93.862)
Test: [760/782]	Time 0.070 (0.077)	Loss 0.7786 (0.8924)	Prec@1 81.250 (76.318)	Prec@5 98.438 (93.822)
Test: [770/782]	Time 0.072 (0.077)	Loss 0.0039 (0.8911)	Prec@1 100.000 (76.354)	Prec@5 100.000 (93.831)
Test: [780/782]	Time 0.072 (0.077)	Loss 1.5425 (0.8864)	Prec@1 46.875 (76.452)	Prec@5 90.625 (93.868)
 * Prec@1 76.442 Prec@5 93.862 Loss 0.887 Time 60.118
2026-10-09 19:30:47 - finished the process.
