2026-10-09 19:26:51 - start the process.
Experiment directory: /root/autodl-tmp/FIMA-Q-Reproduction/FIMA-Q/checkpoints/quant_result/20261009_192651
Namespace(model='vit_small', config='./configs/4bit/best.py', dataset='../imagenet_fimaq', optim_size=16, val_batch_size=64, num_workers=8, device='cuda:0', calibrate=False, load_calibrate_checkpoint=None, test_calibrate_checkpoint=False, optimize=False, load_optimize_checkpoint='./checkpoints/quant_result/20261009_134906_headwise_hadamard_baseline_smoke/vit_small_w4_a4_optimsize_16_fisher_dplr_dis_mode_q_rank_5_qdrop.pth', test_optimize_checkpoint=True, print_freq=10, seed=3407, skip_final_validation=False, headwise_hadamard=False, optim_batch_size=8)
Successfully imported Config class!
optim_size: 16
calib_size: 128
optim_batch_size: 8
calib_batch_size: 32
w_bit: 4
a_bit: 4
qconv_a_bit: 8
qhead_a_bit: 4
calib_metric: mse
matmul_head_channel_wise: True
token_channel_wise: True
eq_n: 128
search_round: 3
keep_gpu: True
optim_metric: fisher_dplr
temp: 20
k: 5
p1: 1.0
p2: 1.0
dis_mode: q
optim_mode: qdrop
drop_prob: 0.5
robust_beta: 0.5
robust_temperature: 0.5
recon_iters: 20000
Building model ...
No checkpoint found at './checkpoints/vit_raw/vit_small_patch16_224.bin'
Loading pretrained weights from Hugging Face hub (timm/vit_small_patch16_224.augreg_in21k_ft_in1k)
[timm/vit_small_patch16_224.augreg_in21k_ft_in1k] Safe alternative available for 'pytorch_model.bin' (as 'model.safetensors'). Loading weights using safetensors.
Building validation dataloader ...
Wraping quantiztion modules (reparam: False) ...
Building calibrator ...
<All keys matched successfully>
Validating on calibration set after block reconstruction ...
Test: [0/2]	Time 0.553 (0.553)	Loss 1.9504 (1.9504)	Prec@1 37.500 (37.500)	Prec@5 87.500 (87.500)
 * Prec@1 62.500 Prec@5 87.500 Loss 1.382 Time 0.608
Validating on test set after block reconstruction ...
Test: [0/782]	Time 0.807 (0.807)	Loss 0.3972 (0.3972)	Prec@1 92.188 (92.188)	Prec@5 98.438 (98.438)
Test: [10/782]	Time 0.081 (0.162)	Loss 0.6185 (0.9412)	Prec@1 90.625 (75.142)	Prec@5 95.312 (93.892)
Test: [20/782]	Time 0.074 (0.120)	Loss 1.2559 (1.0035)	Prec@1 67.188 (75.298)	Prec@5 95.312 (92.262)
Test: [30/782]	Time 0.075 (0.106)	Loss 1.8187 (1.2228)	Prec@1 57.812 (71.069)	Prec@5 81.250 (89.315)
Test: [40/782]	Time 0.075 (0.098)	Loss 1.3500 (1.4505)	Prec@1 76.562 (65.968)	Prec@5 87.500 (86.242)
Test: [50/782]	Time 0.078 (0.094)	Loss 1.4477 (1.5273)	Prec@1 67.188 (63.725)	Prec@5 85.938 (85.478)
Test: [60/782]	Time 0.074 (0.091)	Loss 1.3690 (1.5582)	Prec@1 68.750 (62.731)	Prec@5 84.375 (85.118)
Test: [70/782]	Time 0.071 (0.090)	Loss 0.4372 (1.5011)	Prec@1 90.625 (64.547)	Prec@5 95.312 (85.673)
Test: [80/782]	Time 0.069 (0.088)	Loss 2.0452 (1.4393)	Prec@1 54.688 (65.876)	Prec@5 76.562 (86.362)
Test: [90/782]	Time 0.072 (0.086)	Loss 1.2729 (1.4365)	Prec@1 62.500 (66.037)	Prec@5 92.188 (86.384)
Test: [100/782]	Time 0.069 (0.084)	Loss 1.1640 (1.4529)	Prec@1 75.000 (65.563)	Prec@5 84.375 (86.278)
Test: [110/782]	Time 0.069 (0.083)	Loss 1.1833 (1.3976)	Prec@1 70.312 (66.906)	Prec@5 89.062 (86.923)
Test: [120/782]	Time 0.070 (0.082)	Loss 1.3682 (1.3720)	Prec@1 64.062 (67.497)	Prec@5 87.500 (87.293)
Test: [130/782]	Time 0.068 (0.081)	Loss 2.5161 (1.3932)	Prec@1 23.438 (66.555)	Prec@5 84.375 (87.369)
Test: [140/782]	Time 0.069 (0.080)	Loss 2.1785 (1.4197)	Prec@1 39.062 (65.747)	Prec@5 82.812 (87.123)
Test: [150/782]	Time 0.069 (0.080)	Loss 2.7633 (1.4734)	Prec@1 34.375 (64.518)	Prec@5 60.938 (86.331)
Test: [160/782]	Time 0.069 (0.079)	Loss 1.6402 (1.4988)	Prec@1 54.688 (63.635)	Prec@5 85.938 (86.132)
Test: [170/782]	Time 0.070 (0.079)	Loss 0.8955 (1.5058)	Prec@1 81.250 (63.350)	Prec@5 100.000 (86.120)
Test: [180/782]	Time 0.075 (0.079)	Loss 1.3262 (1.5201)	Prec@1 59.375 (62.966)	Prec@5 89.062 (85.963)
Test: [190/782]	Time 0.078 (0.078)	Loss 1.1761 (1.5231)	Prec@1 62.500 (62.418)	Prec@5 90.625 (86.126)
Test: [200/782]	Time 0.076 (0.078)	Loss 1.5965 (1.5102)	Prec@1 62.500 (62.601)	Prec@5 90.625 (86.381)
Test: [210/782]	Time 0.073 (0.078)	Loss 0.9869 (1.5027)	Prec@1 75.000 (62.670)	Prec@5 92.188 (86.508)
Test: [220/782]	Time 0.071 (0.078)	Loss 2.4511 (1.5061)	Prec@1 14.062 (62.443)	Prec@5 79.688 (86.623)
Test: [230/782]	Time 0.069 (0.077)	Loss 0.9780 (1.4816)	Prec@1 78.125 (63.095)	Prec@5 92.188 (86.939)
Test: [240/782]	Time 0.070 (0.077)	Loss 1.3009 (1.4841)	Prec@1 75.000 (63.135)	Prec@5 90.625 (86.904)
Test: [250/782]	Time 0.072 (0.077)	Loss 0.8221 (1.4897)	Prec@1 76.562 (63.066)	Prec@5 93.750 (86.821)
Test: [260/782]	Time 0.069 (0.077)	Loss 0.4286 (1.4662)	Prec@1 92.188 (63.769)	Prec@5 98.438 (87.045)
Test: [270/782]	Time 0.072 (0.076)	Loss 1.8570 (1.4658)	Prec@1 57.812 (63.947)	Prec@5 85.938 (87.021)
Test: [280/782]	Time 0.070 (0.076)	Loss 2.1166 (1.4740)	Prec@1 50.000 (63.784)	Prec@5 82.812 (86.938)
Test: [290/782]	Time 0.070 (0.076)	Loss 2.1538 (1.4672)	Prec@1 57.812 (64.148)	Prec@5 78.125 (86.990)
Test: [300/782]	Time 0.070 (0.076)	Loss 1.3489 (1.4711)	Prec@1 67.188 (64.083)	Prec@5 85.938 (86.867)
Test: [310/782]	Time 0.076 (0.076)	Loss 1.1955 (1.4643)	Prec@1 76.562 (64.248)	Prec@5 85.938 (86.907)
Test: [320/782]	Time 0.069 (0.075)	Loss 0.8875 (1.4707)	Prec@1 76.562 (64.106)	Prec@5 98.438 (86.857)
Test: [330/782]	Time 0.068 (0.075)	Loss 2.4785 (1.4888)	Prec@1 39.062 (63.742)	Prec@5 75.000 (86.617)
Test: [340/782]	Time 0.070 (0.075)	Loss 2.1207 (1.4987)	Prec@1 35.938 (63.604)	Prec@5 81.250 (86.474)
Test: [350/782]	Time 0.074 (0.075)	Loss 1.5018 (1.5117)	Prec@1 70.312 (63.355)	Prec@5 87.500 (86.325)
Test: [360/782]	Time 0.070 (0.075)	Loss 1.6277 (1.5211)	Prec@1 48.438 (63.214)	Prec@5 93.750 (86.154)
Test: [370/782]	Time 0.070 (0.075)	Loss 2.1848 (1.5342)	Prec@1 56.250 (63.022)	Prec@5 73.438 (85.929)
Test: [380/782]	Time 0.070 (0.075)	Loss 1.1388 (1.5392)	Prec@1 79.688 (62.849)	Prec@5 89.062 (85.855)
Test: [390/782]	Time 0.071 (0.075)	Loss 2.5316 (1.5592)	Prec@1 50.000 (62.528)	Prec@5 65.625 (85.562)
Test: [400/782]	Time 0.072 (0.074)	Loss 2.4623 (1.5730)	Prec@1 48.438 (62.247)	Prec@5 71.875 (85.392)
Test: [410/782]	Time 0.069 (0.074)	Loss 1.4212 (1.5867)	Prec@1 68.750 (61.983)	Prec@5 92.188 (85.196)
Test: [420/782]	Time 0.070 (0.074)	Loss 1.5733 (1.5921)	Prec@1 70.312 (61.928)	Prec@5 84.375 (85.158)
Test: [430/782]	Time 0.070 (0.074)	Loss 1.8214 (1.6008)	Prec@1 59.375 (61.800)	Prec@5 85.938 (85.035)
Test: [440/782]	Time 0.073 (0.074)	Loss 1.9548 (1.6049)	Prec@1 56.250 (61.806)	Prec@5 82.812 (84.935)
Test: [450/782]	Time 0.070 (0.074)	Loss 0.9287 (1.6026)	Prec@1 84.375 (61.946)	Prec@5 89.062 (84.943)
Test: [460/782]	Time 0.201 (0.076)	Loss 2.8825 (1.6155)	Prec@1 46.875 (61.815)	Prec@5 62.500 (84.741)
Test: [470/782]	Time 0.386 (0.079)	Loss 2.4254 (1.6343)	Prec@1 48.438 (61.482)	Prec@5 73.438 (84.491)
Test: [480/782]	Time 0.075 (0.079)	Loss 1.1790 (1.6298)	Prec@1 79.688 (61.659)	Prec@5 85.938 (84.492)
Test: [490/782]	Time 0.070 (0.079)	Loss 1.5904 (1.6446)	Prec@1 62.500 (61.373)	Prec@5 87.500 (84.286)
Test: [500/782]	Time 0.071 (0.079)	Loss 1.4461 (1.6539)	Prec@1 68.750 (61.093)	Prec@5 87.500 (84.200)
Test: [510/782]	Time 0.068 (0.078)	Loss 3.0242 (1.6611)	Prec@1 32.812 (61.054)	Prec@5 68.750 (84.063)
Test: [520/782]	Time 0.072 (0.078)	Loss 1.9022 (1.6715)	Prec@1 56.250 (60.725)	Prec@5 79.688 (83.898)
Test: [530/782]	Time 0.070 (0.078)	Loss 1.5838 (1.6799)	Prec@1 71.875 (60.684)	Prec@5 81.250 (83.757)
Test: [540/782]	Time 0.073 (0.078)	Loss 2.5388 (1.6870)	Prec@1 46.875 (60.611)	Prec@5 75.000 (83.613)
Test: [550/782]	Time 0.071 (0.078)	Loss 1.6517 (1.6879)	Prec@1 62.500 (60.643)	Prec@5 81.250 (83.595)
Test: [560/782]	Time 0.070 (0.078)	Loss 1.4951 (1.6940)	Prec@1 59.375 (60.570)	Prec@5 90.625 (83.517)
Test: [570/782]	Time 0.072 (0.078)	Loss 2.9820 (1.6977)	Prec@1 37.500 (60.565)	Prec@5 70.312 (83.469)
Test: [580/782]	Time 0.072 (0.077)	Loss 1.4414 (1.7050)	Prec@1 65.625 (60.470)	Prec@5 92.188 (83.377)
Test: [590/782]	Time 0.073 (0.077)	Loss 0.8332 (1.7093)	Prec@1 82.812 (60.382)	Prec@5 95.312 (83.294)
Test: [600/782]	Time 0.071 (0.077)	Loss 1.5005 (1.7135)	Prec@1 71.875 (60.355)	Prec@5 87.500 (83.228)
Test: [610/782]	Time 0.073 (0.077)	Loss 1.1509 (1.7165)	Prec@1 73.438 (60.349)	Prec@5 95.312 (83.181)
Test: [620/782]	Time 0.071 (0.077)	Loss 1.4580 (1.7195)	Prec@1 68.750 (60.354)	Prec@5 81.250 (83.122)
Test: [630/782]	Time 0.071 (0.077)	Loss 1.7646 (1.7188)	Prec@1 62.500 (60.390)	Prec@5 82.812 (83.122)
Test: [640/782]	Time 0.070 (0.077)	Loss 2.1162 (1.7274)	Prec@1 59.375 (60.187)	Prec@5 76.562 (83.020)
Test: [650/782]	Time 0.072 (0.077)	Loss 0.6952 (1.7337)	Prec@1 84.375 (60.088)	Prec@5 92.188 (82.930)
Test: [660/782]	Time 0.076 (0.077)	Loss 3.0157 (1.7437)	Prec@1 42.188 (59.890)	Prec@5 57.812 (82.772)
Test: [670/782]	Time 0.185 (0.077)	Loss 2.3268 (1.7498)	Prec@1 54.688 (59.759)	Prec@5 76.562 (82.715)
Test: [680/782]	Time 0.090 (0.077)	Loss 1.1541 (1.7539)	Prec@1 59.375 (59.673)	Prec@5 95.312 (82.645)
Test: [690/782]	Time 0.100 (0.079)	Loss 1.4722 (1.7553)	Prec@1 65.625 (59.628)	Prec@5 85.938 (82.623)
Test: [700/782]	Time 0.200 (0.080)	Loss 1.8343 (1.7613)	Prec@1 48.438 (59.513)	Prec@5 84.375 (82.527)
Test: [710/782]	Time 0.081 (0.081)	Loss 1.7948 (1.7684)	Prec@1 53.125 (59.368)	Prec@5 89.062 (82.428)
Test: [720/782]	Time 0.083 (0.082)	Loss 2.0140 (1.7667)	Prec@1 53.125 (59.423)	Prec@5 81.250 (82.459)
Test: [730/782]	Time 0.076 (0.083)	Loss 1.5603 (1.7615)	Prec@1 57.812 (59.514)	Prec@5 84.375 (82.530)
Test: [740/782]	Time 0.100 (0.084)	Loss 1.0198 (1.7513)	Prec@1 62.500 (59.691)	Prec@5 100.000 (82.686)
Test: [750/782]	Time 0.208 (0.085)	Loss 2.7162 (1.7451)	Prec@1 37.500 (59.849)	Prec@5 71.875 (82.769)
Test: [760/782]	Time 0.087 (0.085)	Loss 1.6121 (1.7475)	Prec@1 54.688 (59.779)	Prec@5 92.188 (82.741)
Test: [770/782]	Time 0.123 (0.086)	Loss 0.0566 (1.7401)	Prec@1 100.000 (59.910)	Prec@5 100.000 (82.857)
Test: [780/782]	Time 0.208 (0.087)	Loss 2.8210 (1.7312)	Prec@1 23.438 (60.123)	Prec@5 71.875 (82.971)
 * Prec@1 60.114 Prec@5 82.964 Loss 1.732 Time 67.696
2026-10-09 19:28:19 - finished the process.
