2026-10-10 16:49:59 - start the process.
Experiment directory: /root/autodl-tmp/FIMA-Q-Reproduction/FIMA-Q/checkpoints/quant_result/20261010_164959_headwise_baseline_full
Namespace(model='vit_small', config='./configs/4bit/best.py', dataset='../imagenet_fimaq', optim_size=1024, val_batch_size=64, num_workers=8, device='cuda:0', calibrate=True, load_calibrate_checkpoint=None, test_calibrate_checkpoint=False, optimize=True, load_optimize_checkpoint=None, test_optimize_checkpoint=False, print_freq=10, seed=3407, skip_final_validation=False, headwise_hadamard=False, calib_size=128, calib_batch_size=32, optim_batch_size=32, recon_iters=20000, k=5)
Successfully imported Config class!
optim_size: 1024
calib_size: 128
optim_batch_size: 32
calib_batch_size: 32
w_bit: 4
a_bit: 4
qconv_a_bit: 8
qhead_a_bit: 4
calib_metric: mse
matmul_head_channel_wise: True
token_channel_wise: True
eq_n: 128
search_round: 3
keep_gpu: True
optim_metric: fisher_dplr
temp: 20
k: 5
p1: 1.0
p2: 1.0
dis_mode: q
optim_mode: qdrop
drop_prob: 0.5
robust_beta: 0.5
robust_temperature: 0.5
recon_iters: 20000
Building model ...
No checkpoint found at './checkpoints/vit_raw/vit_small_patch16_224.bin'
Loading pretrained weights from Hugging Face hub (timm/vit_small_patch16_224.augreg_in21k_ft_in1k)
[timm/vit_small_patch16_224.augreg_in21k_ft_in1k] Safe alternative available for 'pytorch_model.bin' (as 'model.safetensors'). Loading weights using safetensors.
Building validation dataloader ...
Wraping quantiztion modules (reparam: True) ...
2026-10-10 16:50:13 - start mse guided calibration
2026-10-10 16:55:17 - mse guided calibration finished.
Saving checkpoint to /root/autodl-tmp/FIMA-Q-Reproduction/FIMA-Q/checkpoints/quant_result/20261010_164959_headwise_baseline_full/vit_small_w4_a4_calibsize_128_mse.pth
Validating after calibration ...
Test: [0/782]	Time 1.102 (1.102)	Loss 0.4534 (0.4534)	Prec@1 92.188 (92.188)	Prec@5 95.312 (95.312)
Test: [10/782]	Time 0.078 (0.181)	Loss 0.5321 (0.9343)	Prec@1 90.625 (75.142)	Prec@5 98.438 (93.324)
Test: [20/782]	Time 0.074 (0.132)	Loss 1.3345 (0.9806)	Prec@1 59.375 (75.744)	Prec@5 92.188 (92.560)
Test: [30/782]	Time 0.074 (0.114)	Loss 2.0987 (1.2032)	Prec@1 53.125 (70.514)	Prec@5 79.688 (89.768)
Test: [40/782]	Time 0.080 (0.106)	Loss 1.2161 (1.4475)	Prec@1 76.562 (65.739)	Prec@5 92.188 (86.319)
Test: [50/782]	Time 0.123 (0.101)	Loss 1.2889 (1.5169)	Prec@1 70.312 (63.603)	Prec@5 90.625 (85.539)
Test: [60/782]	Time 0.082 (0.098)	Loss 1.1728 (1.5458)	Prec@1 75.000 (62.372)	Prec@5 90.625 (85.374)
Test: [70/782]	Time 0.082 (0.096)	Loss 0.5304 (1.4801)	Prec@1 89.062 (64.327)	Prec@5 95.312 (85.871)
Test: [80/782]	Time 0.081 (0.094)	Loss 1.5583 (1.4275)	Prec@1 59.375 (65.509)	Prec@5 87.500 (86.400)
Test: [90/782]	Time 0.078 (0.092)	Loss 0.7398 (1.3950)	Prec@1 76.562 (66.140)	Prec@5 96.875 (86.933)
Test: [100/782]	Time 0.078 (0.091)	Loss 1.3050 (1.4214)	Prec@1 70.312 (65.563)	Prec@5 84.375 (86.634)
Test: [110/782]	Time 0.085 (0.090)	Loss 1.1631 (1.3791)	Prec@1 75.000 (66.850)	Prec@5 85.938 (87.064)
Test: [120/782]	Time 0.078 (0.089)	Loss 1.3215 (1.3743)	Prec@1 60.938 (66.852)	Prec@5 89.062 (87.164)
Test: [130/782]	Time 0.077 (0.088)	Loss 2.5782 (1.3970)	Prec@1 29.688 (65.959)	Prec@5 84.375 (87.178)
Test: [140/782]	Time 0.079 (0.088)	Loss 1.6378 (1.4180)	Prec@1 56.250 (65.392)	Prec@5 85.938 (86.913)
Test: [150/782]	Time 0.080 (0.087)	Loss 1.8965 (1.4370)	Prec@1 45.312 (64.673)	Prec@5 82.812 (86.683)
Test: [160/782]	Time 0.079 (0.087)	Loss 1.7854 (1.4562)	Prec@1 51.562 (63.742)	Prec@5 85.938 (86.694)
Test: [170/782]	Time 0.078 (0.086)	Loss 0.8161 (1.4636)	Prec@1 79.688 (63.587)	Prec@5 100.000 (86.568)
Test: [180/782]	Time 0.081 (0.086)	Loss 1.2430 (1.4707)	Prec@1 64.062 (63.588)	Prec@5 87.500 (86.455)
Test: [190/782]	Time 0.079 (0.086)	Loss 1.2674 (1.4796)	Prec@1 65.625 (62.974)	Prec@5 90.625 (86.453)
Test: [200/782]	Time 0.075 (0.085)	Loss 1.5658 (1.4765)	Prec@1 64.062 (62.943)	Prec@5 89.062 (86.544)
Test: [210/782]	Time 0.080 (0.085)	Loss 0.7143 (1.4674)	Prec@1 84.375 (63.115)	Prec@5 98.438 (86.708)
Test: [220/782]	Time 0.081 (0.085)	Loss 2.2046 (1.4669)	Prec@1 26.562 (63.030)	Prec@5 87.500 (86.857)
Test: [230/782]	Time 0.079 (0.085)	Loss 0.5659 (1.4430)	Prec@1 84.375 (63.724)	Prec@5 98.438 (87.169)
Test: [240/782]	Time 0.075 (0.084)	Loss 1.0334 (1.4406)	Prec@1 71.875 (63.790)	Prec@5 93.750 (87.221)
Test: [250/782]	Time 0.073 (0.084)	Loss 0.8935 (1.4461)	Prec@1 76.562 (63.776)	Prec@5 93.750 (87.145)
Test: [260/782]	Time 0.078 (0.084)	Loss 0.2969 (1.4206)	Prec@1 93.750 (64.470)	Prec@5 100.000 (87.404)
Test: [270/782]	Time 0.079 (0.084)	Loss 1.8058 (1.4150)	Prec@1 56.250 (64.726)	Prec@5 85.938 (87.483)
Test: [280/782]	Time 0.090 (0.083)	Loss 1.9892 (1.4221)	Prec@1 40.625 (64.552)	Prec@5 84.375 (87.417)
Test: [290/782]	Time 0.075 (0.083)	Loss 1.7433 (1.4129)	Prec@1 65.625 (64.857)	Prec@5 84.375 (87.538)
Test: [300/782]	Time 0.085 (0.083)	Loss 1.0971 (1.4143)	Prec@1 71.875 (64.831)	Prec@5 92.188 (87.505)
Test: [310/782]	Time 0.079 (0.083)	Loss 0.9227 (1.4027)	Prec@1 82.812 (65.133)	Prec@5 92.188 (87.631)
Test: [320/782]	Time 0.075 (0.083)	Loss 0.9953 (1.4113)	Prec@1 73.438 (64.939)	Prec@5 98.438 (87.588)
Test: [330/782]	Time 0.073 (0.083)	Loss 2.6682 (1.4336)	Prec@1 39.062 (64.535)	Prec@5 68.750 (87.302)
Test: [340/782]	Time 0.076 (0.083)	Loss 2.3508 (1.4433)	Prec@1 43.750 (64.415)	Prec@5 79.688 (87.193)
Test: [350/782]	Time 0.079 (0.082)	Loss 1.4804 (1.4589)	Prec@1 68.750 (64.076)	Prec@5 89.062 (87.010)
Test: [360/782]	Time 0.076 (0.082)	Loss 1.6592 (1.4701)	Prec@1 39.062 (63.889)	Prec@5 90.625 (86.838)
Test: [370/782]	Time 0.075 (0.082)	Loss 2.0666 (1.4849)	Prec@1 51.562 (63.730)	Prec@5 79.688 (86.620)
Test: [380/782]	Time 0.081 (0.082)	Loss 1.0615 (1.4908)	Prec@1 78.125 (63.579)	Prec@5 90.625 (86.528)
Test: [390/782]	Time 0.083 (0.082)	Loss 2.1581 (1.5025)	Prec@1 56.250 (63.439)	Prec@5 76.562 (86.365)
Test: [400/782]	Time 0.076 (0.082)	Loss 2.8323 (1.5219)	Prec@1 43.750 (63.077)	Prec@5 64.062 (86.132)
Test: [410/782]	Time 0.078 (0.082)	Loss 1.0572 (1.5350)	Prec@1 79.688 (62.892)	Prec@5 92.188 (85.934)
Test: [420/782]	Time 0.082 (0.082)	Loss 1.5630 (1.5423)	Prec@1 62.500 (62.808)	Prec@5 81.250 (85.882)
Test: [430/782]	Time 0.077 (0.082)	Loss 2.1987 (1.5519)	Prec@1 54.688 (62.707)	Prec@5 79.688 (85.680)
Test: [440/782]	Time 0.078 (0.082)	Loss 1.7693 (1.5575)	Prec@1 56.250 (62.652)	Prec@5 79.688 (85.537)
Test: [450/782]	Time 0.075 (0.082)	Loss 0.9229 (1.5558)	Prec@1 81.250 (62.791)	Prec@5 92.188 (85.525)
Test: [460/782]	Time 0.079 (0.082)	Loss 2.8240 (1.5690)	Prec@1 45.312 (62.615)	Prec@5 68.750 (85.351)
Test: [470/782]	Time 0.079 (0.082)	Loss 2.7643 (1.5857)	Prec@1 29.688 (62.288)	Prec@5 73.438 (85.115)
Test: [480/782]	Time 0.075 (0.082)	Loss 1.2279 (1.5814)	Prec@1 78.125 (62.497)	Prec@5 85.938 (85.116)
Test: [490/782]	Time 0.074 (0.081)	Loss 1.8814 (1.6028)	Prec@1 59.375 (62.096)	Prec@5 78.125 (84.801)
Test: [500/782]	Time 0.085 (0.081)	Loss 1.0806 (1.6111)	Prec@1 81.250 (61.932)	Prec@5 84.375 (84.731)
Test: [510/782]	Time 0.079 (0.081)	Loss 2.7692 (1.6200)	Prec@1 39.062 (61.827)	Prec@5 70.312 (84.552)
Test: [520/782]	Time 0.079 (0.081)	Loss 2.1959 (1.6346)	Prec@1 53.125 (61.450)	Prec@5 73.438 (84.351)
Test: [530/782]	Time 0.073 (0.081)	Loss 1.4880 (1.6456)	Prec@1 67.188 (61.349)	Prec@5 82.812 (84.169)
Test: [540/782]	Time 0.083 (0.081)	Loss 2.8901 (1.6515)	Prec@1 40.625 (61.255)	Prec@5 65.625 (84.060)
Test: [550/782]	Time 0.078 (0.081)	Loss 1.4226 (1.6517)	Prec@1 71.875 (61.281)	Prec@5 84.375 (84.055)
Test: [560/782]	Time 0.075 (0.081)	Loss 1.8618 (1.6629)	Prec@1 51.562 (61.063)	Prec@5 89.062 (83.902)
Test: [570/782]	Time 0.073 (0.081)	Loss 3.3257 (1.6651)	Prec@1 35.938 (61.099)	Prec@5 62.500 (83.885)
Test: [580/782]	Time 0.077 (0.081)	Loss 1.6750 (1.6756)	Prec@1 59.375 (60.964)	Prec@5 81.250 (83.695)
Test: [590/782]	Time 0.084 (0.081)	Loss 0.9390 (1.6819)	Prec@1 81.250 (60.893)	Prec@5 89.062 (83.587)
Test: [600/782]	Time 0.075 (0.081)	Loss 1.6281 (1.6893)	Prec@1 70.312 (60.802)	Prec@5 84.375 (83.488)
Test: [610/782]	Time 0.073 (0.081)	Loss 0.8584 (1.6913)	Prec@1 82.812 (60.805)	Prec@5 98.438 (83.436)
Test: [620/782]	Time 0.073 (0.081)	Loss 1.4340 (1.6993)	Prec@1 71.875 (60.714)	Prec@5 87.500 (83.321)
Test: [630/782]	Time 0.079 (0.081)	Loss 1.7677 (1.6984)	Prec@1 64.062 (60.772)	Prec@5 81.250 (83.342)
Test: [640/782]	Time 0.077 (0.081)	Loss 1.9543 (1.7081)	Prec@1 53.125 (60.533)	Prec@5 84.375 (83.215)
Test: [650/782]	Time 0.074 (0.080)	Loss 0.6595 (1.7173)	Prec@1 82.812 (60.419)	Prec@5 93.750 (83.098)
Test: [660/782]	Time 0.074 (0.080)	Loss 3.1037 (1.7265)	Prec@1 37.500 (60.221)	Prec@5 57.812 (82.985)
Test: [670/782]	Time 0.073 (0.080)	Loss 1.8565 (1.7307)	Prec@1 59.375 (60.122)	Prec@5 79.688 (82.934)
Test: [680/782]	Time 0.077 (0.080)	Loss 1.5947 (1.7354)	Prec@1 53.125 (60.013)	Prec@5 89.062 (82.833)
Test: [690/782]	Time 0.074 (0.080)	Loss 1.4169 (1.7386)	Prec@1 70.312 (59.954)	Prec@5 87.500 (82.760)
Test: [700/782]	Time 0.072 (0.080)	Loss 2.0439 (1.7451)	Prec@1 43.750 (59.852)	Prec@5 85.938 (82.668)
Test: [710/782]	Time 0.081 (0.080)	Loss 2.3229 (1.7530)	Prec@1 40.625 (59.711)	Prec@5 82.812 (82.580)
Test: [720/782]	Time 0.075 (0.080)	Loss 1.6173 (1.7509)	Prec@1 60.938 (59.756)	Prec@5 84.375 (82.611)
Test: [730/782]	Time 0.074 (0.080)	Loss 1.5735 (1.7487)	Prec@1 65.625 (59.805)	Prec@5 84.375 (82.633)
Test: [740/782]	Time 0.075 (0.080)	Loss 1.0818 (1.7397)	Prec@1 62.500 (59.944)	Prec@5 98.438 (82.760)
Test: [750/782]	Time 0.068 (0.080)	Loss 3.4295 (1.7338)	Prec@1 26.562 (60.095)	Prec@5 54.688 (82.815)
Test: [760/782]	Time 0.079 (0.080)	Loss 1.2448 (1.7354)	Prec@1 67.188 (60.079)	Prec@5 96.875 (82.794)
Test: [770/782]	Time 0.067 (0.079)	Loss 0.0617 (1.7291)	Prec@1 100.000 (60.228)	Prec@5 100.000 (82.908)
Test: [780/782]	Time 0.068 (0.079)	Loss 2.7567 (1.7192)	Prec@1 25.000 (60.425)	Prec@5 75.000 (83.037)
 * Prec@1 60.426 Prec@5 83.030 Loss 1.720 Time 62.061
Building calibrator ...
2026-10-10 16:56:45 - start fisher_dplr guided block reconstruction
reconstructing patch_embed ...
initializing raw input and raw output ...
adaround training for patch_embed ...
finished reconstructing patch_embed.
reconstructing blocks.0 ...
initializing raw input and raw output ...
initializing quanted input ...
adaround training for blocks.0 ...
finished reconstructing blocks.0.
reconstructing blocks.1 ...
initializing raw input and raw output ...
initializing quanted input ...
adaround training for blocks.1 ...
finished reconstructing blocks.1.
reconstructing blocks.2 ...
initializing raw input and raw output ...
initializing quanted input ...
adaround training for blocks.2 ...
finished reconstructing blocks.2.
reconstructing blocks.3 ...
initializing raw input and raw output ...
initializing quanted input ...
adaround training for blocks.3 ...
finished reconstructing blocks.3.
reconstructing blocks.4 ...
initializing raw input and raw output ...
initializing quanted input ...
adaround training for blocks.4 ...
finished reconstructing blocks.4.
reconstructing blocks.5 ...
initializing raw input and raw output ...
initializing quanted input ...
adaround training for blocks.5 ...
finished reconstructing blocks.5.
reconstructing blocks.6 ...
initializing raw input and raw output ...
initializing quanted input ...
adaround training for blocks.6 ...
finished reconstructing blocks.6.
reconstructing blocks.7 ...
initializing raw input and raw output ...
initializing quanted input ...
adaround training for blocks.7 ...
finished reconstructing blocks.7.
reconstructing blocks.8 ...
initializing raw input and raw output ...
initializing quanted input ...
adaround training for blocks.8 ...
finished reconstructing blocks.8.
reconstructing blocks.9 ...
initializing raw input and raw output ...
initializing quanted input ...
adaround training for blocks.9 ...
finished reconstructing blocks.9.
reconstructing blocks.10 ...
initializing raw input and raw output ...
initializing quanted input ...
adaround training for blocks.10 ...
finished reconstructing blocks.10.
reconstructing blocks.11 ...
initializing raw input and raw output ...
initializing quanted input ...
adaround training for blocks.11 ...
finished reconstructing blocks.11.
reconstructing head ...
initializing raw input and raw output ...
initializing quanted input ...
adaround training for head ...
finished reconstructing head.
Block reconstruction elapsed seconds: 7319.290
2026-10-10 18:58:45 - fisher_dplr guided block reconstruction finished.
Saving checkpoint to /root/autodl-tmp/FIMA-Q-Reproduction/FIMA-Q/checkpoints/quant_result/20261010_164959_headwise_baseline_full/vit_small_w4_a4_optimsize_1024_fisher_dplr_dis_mode_q_rank_5_qdrop.pth
Validating on calibration set after block reconstruction ...
Test: [0/32]	Time 1.196 (1.196)	Loss 0.3229 (0.3229)	Prec@1 93.750 (93.750)	Prec@5 96.875 (96.875)
Test: [10/32]	Time 0.025 (0.144)	Loss 0.6348 (0.5621)	Prec@1 78.125 (85.227)	Prec@5 96.875 (96.591)
Test: [20/32]	Time 0.025 (0.087)	Loss 0.9571 (0.5770)	Prec@1 81.250 (85.268)	Prec@5 90.625 (96.429)
Test: [30/32]	Time 0.025 (0.067)	Loss 0.5751 (0.6198)	Prec@1 87.500 (83.972)	Prec@5 93.750 (95.363)
 * Prec@1 83.691 Prec@5 95.215 Loss 0.630 Time 2.233
Validating on test set after block reconstruction ...
Test: [0/782]	Time 1.715 (1.715)	Loss 0.3147 (0.3147)	Prec@1 95.312 (95.312)	Prec@5 96.875 (96.875)
Test: [10/782]	Time 0.076 (0.246)	Loss 0.0410 (0.4393)	Prec@1 98.438 (87.216)	Prec@5 100.000 (97.443)
Test: [20/782]	Time 0.073 (0.164)	Loss 0.7219 (0.4264)	Prec@1 71.875 (88.467)	Prec@5 96.875 (97.321)
Test: [30/782]	Time 0.074 (0.135)	Loss 0.5277 (0.5771)	Prec@1 82.812 (84.224)	Prec@5 95.312 (96.270)
Test: [40/782]	Time 0.074 (0.120)	Loss 0.3283 (0.6295)	Prec@1 93.750 (82.812)	Prec@5 96.875 (96.075)
Test: [50/782]	Time 0.080 (0.112)	Loss 1.1499 (0.7157)	Prec@1 70.312 (80.760)	Prec@5 95.312 (95.527)
Test: [60/782]	Time 0.078 (0.106)	Loss 1.0227 (0.7389)	Prec@1 68.750 (79.585)	Prec@5 95.312 (95.441)
Test: [70/782]	Time 0.074 (0.101)	Loss 0.2356 (0.7051)	Prec@1 95.312 (80.722)	Prec@5 96.875 (95.555)
Test: [80/782]	Time 0.074 (0.098)	Loss 0.4817 (0.6620)	Prec@1 89.062 (82.079)	Prec@5 96.875 (95.833)
Test: [90/782]	Time 0.075 (0.096)	Loss 0.4192 (0.6599)	Prec@1 87.500 (82.263)	Prec@5 100.000 (95.845)
Test: [100/782]	Time 0.073 (0.094)	Loss 0.5733 (0.6679)	Prec@1 84.375 (82.163)	Prec@5 98.438 (95.808)
Test: [110/782]	Time 0.075 (0.092)	Loss 0.4051 (0.6383)	Prec@1 89.062 (82.939)	Prec@5 96.875 (96.002)
Test: [120/782]	Time 0.073 (0.091)	Loss 0.7956 (0.6247)	Prec@1 81.250 (83.303)	Prec@5 92.188 (96.061)
Test: [130/782]	Time 0.072 (0.089)	Loss 1.5642 (0.6543)	Prec@1 48.438 (82.407)	Prec@5 93.750 (95.885)
Test: [140/782]	Time 0.077 (0.088)	Loss 1.2240 (0.6716)	Prec@1 60.938 (81.882)	Prec@5 85.938 (95.789)
Test: [150/782]	Time 0.073 (0.087)	Loss 1.0386 (0.6914)	Prec@1 68.750 (81.250)	Prec@5 95.312 (95.613)
Test: [160/782]	Time 0.074 (0.087)	Loss 0.8698 (0.7075)	Prec@1 76.562 (80.639)	Prec@5 96.875 (95.575)
Test: [170/782]	Time 0.076 (0.086)	Loss 0.3941 (0.7044)	Prec@1 90.625 (80.775)	Prec@5 100.000 (95.623)
Test: [180/782]	Time 0.074 (0.085)	Loss 1.0554 (0.7210)	Prec@1 57.812 (80.413)	Prec@5 90.625 (95.477)
Test: [190/782]	Time 0.074 (0.085)	Loss 0.6523 (0.7317)	Prec@1 81.250 (79.884)	Prec@5 96.875 (95.509)
Test: [200/782]	Time 0.073 (0.084)	Loss 0.7974 (0.7287)	Prec@1 85.938 (79.975)	Prec@5 95.312 (95.577)
Test: [210/782]	Time 0.073 (0.084)	Loss 0.8585 (0.7262)	Prec@1 81.250 (80.050)	Prec@5 98.438 (95.661)
Test: [220/782]	Time 0.080 (0.084)	Loss 1.6988 (0.7367)	Prec@1 28.125 (79.772)	Prec@5 96.875 (95.687)
Test: [230/782]	Time 0.073 (0.083)	Loss 0.4566 (0.7304)	Prec@1 82.812 (79.972)	Prec@5 98.438 (95.739)
Test: [240/782]	Time 0.077 (0.083)	Loss 0.5945 (0.7308)	Prec@1 82.812 (79.966)	Prec@5 95.312 (95.747)
Test: [250/782]	Time 0.073 (0.082)	Loss 0.4994 (0.7316)	Prec@1 78.125 (79.905)	Prec@5 100.000 (95.736)
Test: [260/782]	Time 0.080 (0.082)	Loss 0.1413 (0.7193)	Prec@1 95.312 (80.238)	Prec@5 100.000 (95.833)
Test: [270/782]	Time 0.073 (0.082)	Loss 0.7998 (0.7146)	Prec@1 71.875 (80.379)	Prec@5 95.312 (95.854)
Test: [280/782]	Time 0.074 (0.082)	Loss 1.1577 (0.7160)	Prec@1 57.812 (80.244)	Prec@5 96.875 (95.902)
Test: [290/782]	Time 0.074 (0.081)	Loss 1.2378 (0.7154)	Prec@1 73.438 (80.380)	Prec@5 93.750 (95.887)
Test: [300/782]	Time 0.074 (0.081)	Loss 0.5366 (0.7219)	Prec@1 82.812 (80.217)	Prec@5 96.875 (95.800)
Test: [310/782]	Time 0.077 (0.081)	Loss 0.3781 (0.7189)	Prec@1 90.625 (80.250)	Prec@5 95.312 (95.785)
Test: [320/782]	Time 0.075 (0.081)	Loss 0.6860 (0.7258)	Prec@1 79.688 (80.062)	Prec@5 98.438 (95.731)
Test: [330/782]	Time 0.075 (0.081)	Loss 1.1138 (0.7363)	Prec@1 71.875 (79.787)	Prec@5 92.188 (95.643)
Test: [340/782]	Time 0.078 (0.080)	Loss 1.8033 (0.7431)	Prec@1 50.000 (79.623)	Prec@5 85.938 (95.560)
Test: [350/782]	Time 0.075 (0.080)	Loss 0.6384 (0.7527)	Prec@1 84.375 (79.420)	Prec@5 93.750 (95.477)
Test: [360/782]	Time 0.077 (0.080)	Loss 1.1082 (0.7582)	Prec@1 59.375 (79.255)	Prec@5 98.438 (95.399)
Test: [370/782]	Time 0.081 (0.080)	Loss 0.9225 (0.7686)	Prec@1 78.125 (79.047)	Prec@5 93.750 (95.300)
Test: [380/782]	Time 0.074 (0.080)	Loss 0.8832 (0.7772)	Prec@1 78.125 (78.765)	Prec@5 89.062 (95.206)
Test: [390/782]	Time 0.074 (0.080)	Loss 1.3007 (0.7891)	Prec@1 68.750 (78.521)	Prec@5 82.812 (95.069)
Test: [400/782]	Time 0.074 (0.080)	Loss 0.4631 (0.7986)	Prec@1 84.375 (78.289)	Prec@5 98.438 (94.954)
Test: [410/782]	Time 0.078 (0.080)	Loss 0.8120 (0.8041)	Prec@1 75.000 (78.117)	Prec@5 90.625 (94.879)
Test: [420/782]	Time 0.076 (0.080)	Loss 0.6762 (0.8082)	Prec@1 84.375 (78.066)	Prec@5 95.312 (94.852)
Test: [430/782]	Time 0.070 (0.079)	Loss 0.7555 (0.8118)	Prec@1 79.688 (78.052)	Prec@5 93.750 (94.805)
Test: [440/782]	Time 0.070 (0.079)	Loss 0.4497 (0.8128)	Prec@1 85.938 (78.082)	Prec@5 100.000 (94.763)
Test: [450/782]	Time 0.072 (0.079)	Loss 0.4377 (0.8077)	Prec@1 92.188 (78.274)	Prec@5 95.312 (94.786)
Test: [460/782]	Time 0.074 (0.079)	Loss 1.4719 (0.8154)	Prec@1 64.062 (78.101)	Prec@5 84.375 (94.702)
Test: [470/782]	Time 0.075 (0.079)	Loss 1.1695 (0.8220)	Prec@1 65.625 (77.976)	Prec@5 93.750 (94.629)
Test: [480/782]	Time 0.077 (0.079)	Loss 0.7098 (0.8178)	Prec@1 84.375 (78.151)	Prec@5 93.750 (94.624)
Test: [490/782]	Time 0.077 (0.079)	Loss 0.6322 (0.8271)	Prec@1 85.938 (77.928)	Prec@5 92.188 (94.482)
Test: [500/782]	Time 0.073 (0.079)	Loss 0.3958 (0.8327)	Prec@1 90.625 (77.735)	Prec@5 96.875 (94.445)
Test: [510/782]	Time 0.075 (0.079)	Loss 1.5676 (0.8375)	Prec@1 67.188 (77.688)	Prec@5 79.688 (94.358)
Test: [520/782]	Time 0.078 (0.079)	Loss 0.6467 (0.8464)	Prec@1 79.688 (77.393)	Prec@5 96.875 (94.290)
Test: [530/782]	Time 0.074 (0.079)	Loss 1.0599 (0.8493)	Prec@1 78.125 (77.348)	Prec@5 89.062 (94.238)
Test: [540/782]	Time 0.082 (0.079)	Loss 1.5260 (0.8525)	Prec@1 50.000 (77.244)	Prec@5 92.188 (94.221)
Test: [550/782]	Time 0.074 (0.079)	Loss 0.6204 (0.8513)	Prec@1 76.562 (77.269)	Prec@5 98.438 (94.232)
Test: [560/782]	Time 0.077 (0.078)	Loss 1.4386 (0.8556)	Prec@1 62.500 (77.184)	Prec@5 90.625 (94.196)
Test: [570/782]	Time 0.074 (0.078)	Loss 0.7797 (0.8559)	Prec@1 84.375 (77.225)	Prec@5 93.750 (94.174)
Test: [580/782]	Time 0.075 (0.078)	Loss 1.0300 (0.8596)	Prec@1 64.062 (77.146)	Prec@5 95.312 (94.100)
Test: [590/782]	Time 0.078 (0.078)	Loss 0.4248 (0.8614)	Prec@1 89.062 (77.091)	Prec@5 96.875 (94.078)
Test: [600/782]	Time 0.078 (0.078)	Loss 0.6914 (0.8633)	Prec@1 81.250 (77.095)	Prec@5 96.875 (94.039)
Test: [610/782]	Time 0.074 (0.078)	Loss 0.4892 (0.8643)	Prec@1 85.938 (77.102)	Prec@5 96.875 (94.006)
Test: [620/782]	Time 0.074 (0.078)	Loss 1.2093 (0.8665)	Prec@1 76.562 (77.051)	Prec@5 90.625 (93.964)
Test: [630/782]	Time 0.076 (0.078)	Loss 1.0634 (0.8666)	Prec@1 73.438 (77.083)	Prec@5 87.500 (93.956)
Test: [640/782]	Time 0.074 (0.078)	Loss 0.6643 (0.8718)	Prec@1 85.938 (76.918)	Prec@5 98.438 (93.923)
Test: [650/782]	Time 0.078 (0.078)	Loss 0.4483 (0.8725)	Prec@1 89.062 (76.932)	Prec@5 92.188 (93.906)
Test: [660/782]	Time 0.076 (0.078)	Loss 1.7532 (0.8815)	Prec@1 59.375 (76.700)	Prec@5 85.938 (93.819)
Test: [670/782]	Time 0.079 (0.078)	Loss 0.8248 (0.8826)	Prec@1 79.688 (76.644)	Prec@5 90.625 (93.811)
Test: [680/782]	Time 0.077 (0.078)	Loss 0.6009 (0.8842)	Prec@1 73.438 (76.615)	Prec@5 100.000 (93.794)
Test: [690/782]	Time 0.072 (0.078)	Loss 1.2203 (0.8837)	Prec@1 68.750 (76.612)	Prec@5 92.188 (93.804)
Test: [700/782]	Time 0.071 (0.078)	Loss 0.6909 (0.8855)	Prec@1 84.375 (76.591)	Prec@5 95.312 (93.781)
Test: [710/782]	Time 0.070 (0.078)	Loss 1.3329 (0.8913)	Prec@1 54.688 (76.417)	Prec@5 95.312 (93.721)
Test: [720/782]	Time 0.072 (0.078)	Loss 0.7561 (0.8901)	Prec@1 78.125 (76.441)	Prec@5 96.875 (93.741)
Test: [730/782]	Time 0.074 (0.078)	Loss 0.9157 (0.8895)	Prec@1 79.688 (76.439)	Prec@5 92.188 (93.761)
Test: [740/782]	Time 0.081 (0.078)	Loss 1.1674 (0.8863)	Prec@1 59.375 (76.478)	Prec@5 100.000 (93.807)
Test: [750/782]	Time 0.074 (0.077)	Loss 1.7703 (0.8832)	Prec@1 56.250 (76.575)	Prec@5 85.938 (93.829)
Test: [760/782]	Time 0.075 (0.077)	Loss 0.9204 (0.8876)	Prec@1 73.438 (76.478)	Prec@5 98.438 (93.783)
Test: [770/782]	Time 0.076 (0.077)	Loss 0.0051 (0.8858)	Prec@1 100.000 (76.524)	Prec@5 100.000 (93.809)
Test: [780/782]	Time 0.073 (0.077)	Loss 1.6395 (0.8812)	Prec@1 51.562 (76.633)	Prec@5 90.625 (93.850)
 * Prec@1 76.624 Prec@5 93.844 Loss 0.882 Time 60.648
2026-10-10 18:59:48 - finished the process.
