2026-10-08 15:14:23 - start the process.
Experiment directory: /root/autodl-tmp/FIMA-Q-Reproduction/FIMA-Q/checkpoints/quant_result/20261008_151423_forward_secant_w4a4
Namespace(model='vit_small', config='./configs/4bit/forward_secant.py', dataset='../imagenet_fimaq', optim_size=1024, val_batch_size=64, num_workers=8, device='cuda:0', calibrate=False, load_calibrate_checkpoint='./checkpoints/quant_result/20260916_1818/vit_small_w4_a4_calibsize_128_mse.pth', test_calibrate_checkpoint=False, optimize=True, load_optimize_checkpoint=None, test_optimize_checkpoint=False, print_freq=10, seed=3407, skip_final_validation=False, optim_batch_size=32, recon_iters=20000)
Successfully imported Config class!
optim_size: 1024
calib_size: 128
optim_batch_size: 32
calib_batch_size: 32
w_bit: 4
a_bit: 4
qconv_a_bit: 8
qhead_a_bit: 4
calib_metric: mse
matmul_head_channel_wise: True
token_channel_wise: True
eq_n: 128
search_round: 3
keep_gpu: True
optim_metric: forward_secant
temp: 20
k: 5
p1: 1.0
p2: 1.0
dis_mode: q
recon_iters: 20000
optim_mode: qdrop
drop_prob: 0.5
Building model ...
No checkpoint found at './checkpoints/vit_raw/vit_small_patch16_224.bin'
Loading pretrained weights from Hugging Face hub (timm/vit_small_patch16_224.augreg_in21k_ft_in1k)
[timm/vit_small_patch16_224.augreg_in21k_ft_in1k] Safe alternative available for 'pytorch_model.bin' (as 'model.safetensors'). Loading weights using safetensors.
Building validation dataloader ...
Wraping quantiztion modules (reparam: False) ...
Restoring checkpoint from './checkpoints/quant_result/20260916_1818/vit_small_w4_a4_calibsize_128_mse.pth'
<All keys matched successfully>
Building calibrator ...
2026-10-08 15:16:20 - start forward_secant guided block reconstruction
reconstructing patch_embed ...
initializing raw input and raw output ...
adaround training for patch_embed ...
finished reconstructing patch_embed.
reconstructing blocks.0 ...
initializing raw input and raw output ...
initializing quanted input ...
adaround training for blocks.0 ...
finished reconstructing blocks.0.
reconstructing blocks.1 ...
initializing raw input and raw output ...
initializing quanted input ...
adaround training for blocks.1 ...
finished reconstructing blocks.1.
reconstructing blocks.2 ...
initializing raw input and raw output ...
initializing quanted input ...
adaround training for blocks.2 ...
finished reconstructing blocks.2.
reconstructing blocks.3 ...
initializing raw input and raw output ...
initializing quanted input ...
adaround training for blocks.3 ...
finished reconstructing blocks.3.
reconstructing blocks.4 ...
initializing raw input and raw output ...
initializing quanted input ...
adaround training for blocks.4 ...
finished reconstructing blocks.4.
reconstructing blocks.5 ...
initializing raw input and raw output ...
initializing quanted input ...
adaround training for blocks.5 ...
finished reconstructing blocks.5.
reconstructing blocks.6 ...
initializing raw input and raw output ...
initializing quanted input ...
adaround training for blocks.6 ...
finished reconstructing blocks.6.
reconstructing blocks.7 ...
initializing raw input and raw output ...
initializing quanted input ...
adaround training for blocks.7 ...
finished reconstructing blocks.7.
reconstructing blocks.8 ...
initializing raw input and raw output ...
initializing quanted input ...
adaround training for blocks.8 ...
finished reconstructing blocks.8.
reconstructing blocks.9 ...
initializing raw input and raw output ...
initializing quanted input ...
adaround training for blocks.9 ...
finished reconstructing blocks.9.
reconstructing blocks.10 ...
initializing raw input and raw output ...
initializing quanted input ...
adaround training for blocks.10 ...
finished reconstructing blocks.10.
reconstructing blocks.11 ...
initializing raw input and raw output ...
initializing quanted input ...
adaround training for blocks.11 ...
finished reconstructing blocks.11.
reconstructing head ...
initializing raw input and raw output ...
initializing quanted input ...
adaround training for head ...
finished reconstructing head.
Block reconstruction elapsed seconds: 6583.081
2026-10-08 17:06:03 - forward_secant guided block reconstruction finished.
Saving checkpoint to /root/autodl-tmp/FIMA-Q-Reproduction/FIMA-Q/checkpoints/quant_result/20261008_151423_forward_secant_w4a4/vit_small_w4_a4_optimsize_1024_forward_secant_dis_mode_q_rank_5_qdrop.pth
Validating on calibration set after block reconstruction ...
Test: [0/32]	Time 1.061 (1.061)	Loss 0.6899 (0.6899)	Prec@1 84.375 (84.375)	Prec@5 96.875 (96.875)
Test: [10/32]	Time 0.025 (0.120)	Loss 0.7593 (0.6840)	Prec@1 81.250 (84.943)	Prec@5 90.625 (95.455)
Test: [20/32]	Time 0.025 (0.074)	Loss 0.7052 (0.7228)	Prec@1 84.375 (84.673)	Prec@5 96.875 (95.833)
Test: [30/32]	Time 0.025 (0.058)	Loss 1.0255 (0.7679)	Prec@1 71.875 (83.669)	Prec@5 93.750 (94.859)
 * Prec@1 83.594 Prec@5 94.824 Loss 0.776 Time 1.936
Validating on test set after block reconstruction ...
Test: [0/782]	Time 1.519 (1.519)	Loss 0.6047 (0.6047)	Prec@1 90.625 (90.625)	Prec@5 93.750 (93.750)
Test: [10/782]	Time 0.077 (0.217)	Loss 0.2658 (0.6354)	Prec@1 95.312 (85.795)	Prec@5 100.000 (96.449)
Test: [20/782]	Time 0.075 (0.150)	Loss 0.9820 (0.6617)	Prec@1 68.750 (85.789)	Prec@5 98.438 (95.908)
Test: [30/782]	Time 0.073 (0.125)	Loss 0.7851 (0.7971)	Prec@1 87.500 (81.905)	Prec@5 96.875 (94.859)
Test: [40/782]	Time 0.074 (0.113)	Loss 0.7645 (0.8836)	Prec@1 89.062 (79.954)	Prec@5 96.875 (94.284)
Test: [50/782]	Time 0.084 (0.106)	Loss 0.9381 (0.9613)	Prec@1 79.688 (77.420)	Prec@5 95.312 (93.934)
Test: [60/782]	Time 0.074 (0.101)	Loss 0.6805 (0.9664)	Prec@1 81.250 (76.306)	Prec@5 98.438 (94.160)
Test: [70/782]	Time 0.073 (0.097)	Loss 0.2619 (0.9272)	Prec@1 93.750 (77.861)	Prec@5 96.875 (94.124)
Test: [80/782]	Time 0.073 (0.094)	Loss 0.8646 (0.8922)	Prec@1 78.125 (78.646)	Prec@5 93.750 (94.252)
Test: [90/782]	Time 0.072 (0.092)	Loss 0.6539 (0.8906)	Prec@1 81.250 (78.915)	Prec@5 96.875 (94.162)
Test: [100/782]	Time 0.072 (0.090)	Loss 1.0143 (0.9045)	Prec@1 75.000 (78.512)	Prec@5 90.625 (93.905)
Test: [110/782]	Time 0.072 (0.089)	Loss 0.6107 (0.8737)	Prec@1 85.938 (79.279)	Prec@5 96.875 (94.102)
Test: [120/782]	Time 0.069 (0.088)	Loss 0.8349 (0.8540)	Prec@1 79.688 (79.752)	Prec@5 95.312 (94.267)
Test: [130/782]	Time 0.068 (0.086)	Loss 1.4953 (0.8802)	Prec@1 51.562 (78.781)	Prec@5 92.188 (94.120)
Test: [140/782]	Time 0.070 (0.085)	Loss 1.3311 (0.8942)	Prec@1 65.625 (78.369)	Prec@5 90.625 (93.983)
Test: [150/782]	Time 0.068 (0.084)	Loss 1.6712 (0.9204)	Prec@1 56.250 (77.432)	Prec@5 85.938 (93.853)
Test: [160/782]	Time 0.068 (0.083)	Loss 1.3604 (0.9421)	Prec@1 67.188 (76.737)	Prec@5 90.625 (93.750)
Test: [170/782]	Time 0.068 (0.082)	Loss 0.7065 (0.9374)	Prec@1 82.812 (77.019)	Prec@5 98.438 (93.841)
Test: [180/782]	Time 0.074 (0.082)	Loss 1.3378 (0.9557)	Prec@1 56.250 (76.493)	Prec@5 87.500 (93.638)
Test: [190/782]	Time 0.075 (0.081)	Loss 0.6685 (0.9636)	Prec@1 84.375 (76.031)	Prec@5 95.312 (93.676)
Test: [200/782]	Time 0.074 (0.081)	Loss 1.1667 (0.9622)	Prec@1 82.812 (76.018)	Prec@5 92.188 (93.750)
Test: [210/782]	Time 0.072 (0.081)	Loss 1.0860 (0.9604)	Prec@1 70.312 (75.866)	Prec@5 95.312 (93.861)
Test: [220/782]	Time 0.073 (0.080)	Loss 1.9084 (0.9671)	Prec@1 21.875 (75.537)	Prec@5 96.875 (93.927)
Test: [230/782]	Time 0.072 (0.080)	Loss 0.6560 (0.9546)	Prec@1 81.250 (75.900)	Prec@5 98.438 (94.041)
Test: [240/782]	Time 0.072 (0.080)	Loss 0.5999 (0.9538)	Prec@1 82.812 (75.940)	Prec@5 95.312 (94.081)
Test: [250/782]	Time 0.067 (0.079)	Loss 0.7278 (0.9533)	Prec@1 78.125 (76.064)	Prec@5 95.312 (94.099)
Test: [260/782]	Time 0.069 (0.079)	Loss 0.3505 (0.9385)	Prec@1 92.188 (76.479)	Prec@5 100.000 (94.247)
Test: [270/782]	Time 0.070 (0.079)	Loss 1.0787 (0.9345)	Prec@1 64.062 (76.603)	Prec@5 95.312 (94.280)
Test: [280/782]	Time 0.075 (0.078)	Loss 1.1916 (0.9303)	Prec@1 59.375 (76.562)	Prec@5 98.438 (94.406)
Test: [290/782]	Time 0.071 (0.078)	Loss 1.4356 (0.9290)	Prec@1 71.875 (76.665)	Prec@5 92.188 (94.400)
Test: [300/782]	Time 0.071 (0.078)	Loss 0.5233 (0.9329)	Prec@1 85.938 (76.552)	Prec@5 98.438 (94.352)
Test: [310/782]	Time 0.072 (0.077)	Loss 0.6872 (0.9309)	Prec@1 84.375 (76.588)	Prec@5 93.750 (94.333)
Test: [320/782]	Time 0.072 (0.077)	Loss 1.3155 (0.9439)	Prec@1 64.062 (76.241)	Prec@5 98.438 (94.217)
Test: [330/782]	Time 0.071 (0.077)	Loss 1.8245 (0.9700)	Prec@1 59.375 (75.798)	Prec@5 87.500 (93.953)
Test: [340/782]	Time 0.071 (0.077)	Loss 2.0840 (0.9870)	Prec@1 43.750 (75.463)	Prec@5 78.125 (93.787)
Test: [350/782]	Time 0.073 (0.077)	Loss 0.9720 (1.0004)	Prec@1 89.062 (75.316)	Prec@5 96.875 (93.688)
Test: [360/782]	Time 0.074 (0.076)	Loss 1.6088 (1.0161)	Prec@1 39.062 (75.052)	Prec@5 95.312 (93.555)
Test: [370/782]	Time 0.071 (0.076)	Loss 1.6282 (1.0380)	Prec@1 67.188 (74.730)	Prec@5 85.938 (93.291)
Test: [380/782]	Time 0.083 (0.076)	Loss 1.3628 (1.0507)	Prec@1 67.188 (74.414)	Prec@5 92.188 (93.155)
Test: [390/782]	Time 0.078 (0.076)	Loss 1.3082 (1.0675)	Prec@1 68.750 (74.137)	Prec@5 90.625 (92.983)
Test: [400/782]	Time 0.078 (0.076)	Loss 1.1573 (1.0829)	Prec@1 78.125 (73.878)	Prec@5 92.188 (92.784)
Test: [410/782]	Time 0.075 (0.076)	Loss 1.0890 (1.0917)	Prec@1 76.562 (73.799)	Prec@5 95.312 (92.697)
Test: [420/782]	Time 0.069 (0.076)	Loss 0.9086 (1.0989)	Prec@1 79.688 (73.746)	Prec@5 95.312 (92.659)
Test: [430/782]	Time 0.068 (0.076)	Loss 1.1104 (1.1095)	Prec@1 84.375 (73.666)	Prec@5 95.312 (92.565)
Test: [440/782]	Time 0.068 (0.076)	Loss 0.8524 (1.1171)	Prec@1 85.938 (73.643)	Prec@5 96.875 (92.460)
Test: [450/782]	Time 0.083 (0.076)	Loss 0.6426 (1.1162)	Prec@1 90.625 (73.729)	Prec@5 93.750 (92.444)
Test: [460/782]	Time 0.070 (0.076)	Loss 2.2935 (1.1292)	Prec@1 59.375 (73.526)	Prec@5 78.125 (92.347)
Test: [470/782]	Time 0.070 (0.076)	Loss 1.7428 (1.1428)	Prec@1 60.938 (73.258)	Prec@5 93.750 (92.201)
Test: [480/782]	Time 0.074 (0.076)	Loss 1.4386 (1.1452)	Prec@1 76.562 (73.317)	Prec@5 89.062 (92.155)
Test: [490/782]	Time 0.068 (0.076)	Loss 0.7669 (1.1596)	Prec@1 81.250 (73.021)	Prec@5 93.750 (91.977)
Test: [500/782]	Time 0.072 (0.075)	Loss 0.8483 (1.1741)	Prec@1 82.812 (72.708)	Prec@5 93.750 (91.835)
Test: [510/782]	Time 0.070 (0.075)	Loss 1.9239 (1.1858)	Prec@1 59.375 (72.600)	Prec@5 79.688 (91.723)
Test: [520/782]	Time 0.070 (0.075)	Loss 1.0009 (1.1937)	Prec@1 78.125 (72.427)	Prec@5 95.312 (91.645)
Test: [530/782]	Time 0.074 (0.075)	Loss 1.9907 (1.2024)	Prec@1 67.188 (72.313)	Prec@5 81.250 (91.522)
Test: [540/782]	Time 0.072 (0.075)	Loss 2.3782 (1.2081)	Prec@1 43.750 (72.207)	Prec@5 82.812 (91.465)
Test: [550/782]	Time 0.069 (0.075)	Loss 1.1289 (1.2114)	Prec@1 70.312 (72.215)	Prec@5 95.312 (91.439)
Test: [560/782]	Time 0.067 (0.075)	Loss 2.1194 (1.2192)	Prec@1 39.062 (72.081)	Prec@5 84.375 (91.385)
Test: [570/782]	Time 0.067 (0.075)	Loss 1.6245 (1.2227)	Prec@1 64.062 (72.050)	Prec@5 90.625 (91.347)
Test: [580/782]	Time 0.067 (0.075)	Loss 1.4953 (1.2330)	Prec@1 67.188 (71.923)	Prec@5 87.500 (91.203)
Test: [590/782]	Time 0.068 (0.074)	Loss 0.5780 (1.2362)	Prec@1 89.062 (71.878)	Prec@5 98.438 (91.199)
Test: [600/782]	Time 0.071 (0.074)	Loss 1.2631 (1.2409)	Prec@1 84.375 (71.875)	Prec@5 90.625 (91.135)
Test: [610/782]	Time 0.068 (0.074)	Loss 1.2272 (1.2451)	Prec@1 76.562 (71.878)	Prec@5 93.750 (91.073)
Test: [620/782]	Time 0.067 (0.074)	Loss 2.1209 (1.2541)	Prec@1 70.312 (71.782)	Prec@5 82.812 (90.965)
Test: [630/782]	Time 0.071 (0.074)	Loss 1.8917 (1.2594)	Prec@1 60.938 (71.731)	Prec@5 84.375 (90.907)
Test: [640/782]	Time 0.066 (0.074)	Loss 1.2180 (1.2642)	Prec@1 79.688 (71.582)	Prec@5 93.750 (90.871)
Test: [650/782]	Time 0.066 (0.074)	Loss 0.8246 (1.2693)	Prec@1 84.375 (71.522)	Prec@5 93.750 (90.822)
Test: [660/782]	Time 0.066 (0.074)	Loss 2.5527 (1.2843)	Prec@1 45.312 (71.227)	Prec@5 67.188 (90.618)
Test: [670/782]	Time 0.067 (0.074)	Loss 1.4095 (1.2844)	Prec@1 76.562 (71.223)	Prec@5 90.625 (90.637)
Test: [680/782]	Time 0.068 (0.074)	Loss 1.0709 (1.2899)	Prec@1 60.938 (71.161)	Prec@5 98.438 (90.604)
Test: [690/782]	Time 0.066 (0.074)	Loss 1.5594 (1.2938)	Prec@1 62.500 (71.086)	Prec@5 90.625 (90.566)
Test: [700/782]	Time 0.066 (0.073)	Loss 1.4076 (1.2983)	Prec@1 68.750 (71.048)	Prec@5 90.625 (90.525)
Test: [710/782]	Time 0.068 (0.073)	Loss 1.7944 (1.3060)	Prec@1 43.750 (70.895)	Prec@5 89.062 (90.440)
Test: [720/782]	Time 0.069 (0.073)	Loss 1.4696 (1.3055)	Prec@1 67.188 (70.941)	Prec@5 95.312 (90.471)
Test: [730/782]	Time 0.068 (0.073)	Loss 1.1948 (1.3044)	Prec@1 73.438 (70.960)	Prec@5 89.062 (90.484)
Test: [740/782]	Time 0.067 (0.073)	Loss 1.0134 (1.2977)	Prec@1 65.625 (71.061)	Prec@5 100.000 (90.562)
Test: [750/782]	Time 0.069 (0.073)	Loss 2.3113 (1.2929)	Prec@1 48.438 (71.190)	Prec@5 76.562 (90.592)
Test: [760/782]	Time 0.069 (0.073)	Loss 0.8046 (1.2960)	Prec@1 82.812 (71.119)	Prec@5 98.438 (90.547)
Test: [770/782]	Time 0.067 (0.073)	Loss 0.0470 (1.2920)	Prec@1 100.000 (71.204)	Prec@5 100.000 (90.597)
Test: [780/782]	Time 0.069 (0.073)	Loss 2.2415 (1.2854)	Prec@1 35.938 (71.335)	Prec@5 84.375 (90.665)
 * Prec@1 71.324 Prec@5 90.658 Loss 1.286 Time 57.072
2026-10-08 17:07:02 - finished the process.
