2026-09-17 14:22:37 - start the process.
Namespace(model='vit_small', config='./configs/4bit/best.py', dataset='/root/autodl-tmp/FIMA-Q-Reproduction/imagenet_fimaq', optim_size=1024, val_batch_size=64, num_workers=8, device='cuda:0', calibrate=False, load_calibrate_checkpoint='./checkpoints/quant_result/20260916_1818/vit_small_w4_a4_calibsize_128_mse.pth', test_calibrate_checkpoint=False, optimize=True, load_optimize_checkpoint=None, test_optimize_checkpoint=False, print_freq=10, seed=3407, optim_batch_size=32, optim_metric='fisher_dplr', optim_mode='qdrop', drop_prob=0.5, k=15)
Successfully imported Config class!
optim_size: 1024
calib_size: 128
optim_batch_size: 32
calib_batch_size: 32
w_bit: 4
a_bit: 4
qconv_a_bit: 8
qhead_a_bit: 4
calib_metric: mse
matmul_head_channel_wise: True
token_channel_wise: True
eq_n: 128
search_round: 3
keep_gpu: True
optim_metric: fisher_dplr
temp: 20
k: 15
p1: 1.0
p2: 1.0
dis_mode: q
optim_mode: qdrop
drop_prob: 0.5
Building model ...
No checkpoint found at './checkpoints/vit_raw/vit_small_patch16_224.bin'
Loading pretrained weights from Hugging Face hub (timm/vit_small_patch16_224.augreg_in21k_ft_in1k)
[timm/vit_small_patch16_224.augreg_in21k_ft_in1k] Safe alternative available for 'pytorch_model.bin' (as 'model.safetensors'). Loading weights using safetensors.
Building validation dataloader ...
Wraping quantiztion modules (reparam: False) ...
Restoring checkpoint from './checkpoints/quant_result/20260916_1818/vit_small_w4_a4_calibsize_128_mse.pth'
<All keys matched successfully>
Building calibrator ...
2026-09-17 14:23:16 - start fisher_dplr guided block reconstruction
reconstructing patch_embed ...
initializing raw input and raw output ...
adaround training for patch_embed ...
finished reconstructing patch_embed.
reconstructing blocks.0 ...
initializing raw input and raw output ...
initializing quanted input ...
adaround training for blocks.0 ...
finished reconstructing blocks.0.
reconstructing blocks.1 ...
initializing raw input and raw output ...
initializing quanted input ...
adaround training for blocks.1 ...
finished reconstructing blocks.1.
reconstructing blocks.2 ...
initializing raw input and raw output ...
initializing quanted input ...
adaround training for blocks.2 ...
finished reconstructing blocks.2.
reconstructing blocks.3 ...
initializing raw input and raw output ...
initializing quanted input ...
adaround training for blocks.3 ...
finished reconstructing blocks.3.
reconstructing blocks.4 ...
initializing raw input and raw output ...
initializing quanted input ...
adaround training for blocks.4 ...
finished reconstructing blocks.4.
reconstructing blocks.5 ...
initializing raw input and raw output ...
initializing quanted input ...
adaround training for blocks.5 ...
finished reconstructing blocks.5.
reconstructing blocks.6 ...
initializing raw input and raw output ...
initializing quanted input ...
adaround training for blocks.6 ...
finished reconstructing blocks.6.
reconstructing blocks.7 ...
initializing raw input and raw output ...
initializing quanted input ...
adaround training for blocks.7 ...
finished reconstructing blocks.7.
reconstructing blocks.8 ...
initializing raw input and raw output ...
initializing quanted input ...
adaround training for blocks.8 ...
finished reconstructing blocks.8.
reconstructing blocks.9 ...
initializing raw input and raw output ...
initializing quanted input ...
adaround training for blocks.9 ...
finished reconstructing blocks.9.
reconstructing blocks.10 ...
initializing raw input and raw output ...
initializing quanted input ...
adaround training for blocks.10 ...
finished reconstructing blocks.10.
reconstructing blocks.11 ...
initializing raw input and raw output ...
initializing quanted input ...
adaround training for blocks.11 ...
finished reconstructing blocks.11.
reconstructing head ...
initializing raw input and raw output ...
initializing quanted input ...
adaround training for head ...
finished reconstructing head.
2026-09-17 16:45:32 - fisher_dplr guided block reconstruction finished.
Saving checkpoint to ./checkpoints/quant_result/20260917_1422/vit_small_w4_a4_optimsize_1024_fisher_dplr_dis_mode_q_rank_15_qdrop.pth
Validating on calibration set after block reconstruction ...
Test: [0/32]	Time 0.881 (0.881)	Loss 0.4001 (0.4001)	Prec@1 93.750 (93.750)	Prec@5 96.875 (96.875)
Test: [10/32]	Time 0.026 (0.104)	Loss 0.5427 (0.6456)	Prec@1 81.250 (82.955)	Prec@5 96.875 (95.170)
Test: [20/32]	Time 0.025 (0.066)	Loss 1.2388 (0.6453)	Prec@1 78.125 (83.780)	Prec@5 90.625 (95.387)
Test: [30/32]	Time 0.025 (0.053)	Loss 0.9202 (0.6620)	Prec@1 81.250 (83.367)	Prec@5 93.750 (95.262)
 * Prec@1 83.496 Prec@5 95.410 Loss 0.653 Time 1.767
Validating on test set after block reconstruction ...
Test: [0/782]	Time 1.321 (1.321)	Loss 0.4521 (0.4521)	Prec@1 92.188 (92.188)	Prec@5 95.312 (95.312)
Test: [10/782]	Time 0.077 (0.198)	Loss 0.0584 (0.4605)	Prec@1 98.438 (86.648)	Prec@5 100.000 (97.443)
Test: [20/782]	Time 0.073 (0.139)	Loss 0.6482 (0.4257)	Prec@1 79.688 (88.170)	Prec@5 98.438 (97.619)
Test: [30/782]	Time 0.071 (0.117)	Loss 0.4375 (0.5649)	Prec@1 85.938 (84.123)	Prec@5 96.875 (96.673)
Test: [40/782]	Time 0.073 (0.107)	Loss 0.2771 (0.6167)	Prec@1 95.312 (82.774)	Prec@5 98.438 (96.303)
Test: [50/782]	Time 0.078 (0.101)	Loss 1.2013 (0.7064)	Prec@1 64.062 (80.484)	Prec@5 93.750 (95.772)
Test: [60/782]	Time 0.080 (0.097)	Loss 0.8257 (0.7355)	Prec@1 73.438 (79.380)	Prec@5 96.875 (95.543)
Test: [70/782]	Time 0.073 (0.094)	Loss 0.2246 (0.6994)	Prec@1 95.312 (80.678)	Prec@5 96.875 (95.775)
Test: [80/782]	Time 0.080 (0.091)	Loss 0.5705 (0.6635)	Prec@1 89.062 (81.790)	Prec@5 95.312 (95.968)
Test: [90/782]	Time 0.073 (0.090)	Loss 0.4327 (0.6611)	Prec@1 82.812 (81.971)	Prec@5 100.000 (95.999)
Test: [100/782]	Time 0.074 (0.088)	Loss 0.4968 (0.6696)	Prec@1 85.938 (81.730)	Prec@5 96.875 (95.931)
Test: [110/782]	Time 0.073 (0.087)	Loss 0.3973 (0.6417)	Prec@1 89.062 (82.489)	Prec@5 96.875 (96.073)
Test: [120/782]	Time 0.074 (0.086)	Loss 0.8885 (0.6290)	Prec@1 78.125 (82.825)	Prec@5 92.188 (96.152)
Test: [130/782]	Time 0.072 (0.085)	Loss 1.6020 (0.6610)	Prec@1 39.062 (81.846)	Prec@5 89.062 (95.885)
Test: [140/782]	Time 0.074 (0.084)	Loss 1.2465 (0.6747)	Prec@1 62.500 (81.438)	Prec@5 90.625 (95.811)
Test: [150/782]	Time 0.073 (0.083)	Loss 1.2023 (0.6956)	Prec@1 57.812 (80.867)	Prec@5 95.312 (95.675)
Test: [160/782]	Time 0.078 (0.083)	Loss 0.9941 (0.7137)	Prec@1 68.750 (80.173)	Prec@5 95.312 (95.652)
Test: [170/782]	Time 0.074 (0.082)	Loss 0.4798 (0.7083)	Prec@1 84.375 (80.446)	Prec@5 98.438 (95.742)
Test: [180/782]	Time 0.075 (0.082)	Loss 0.9737 (0.7239)	Prec@1 64.062 (80.016)	Prec@5 93.750 (95.641)
Test: [190/782]	Time 0.074 (0.081)	Loss 0.6165 (0.7354)	Prec@1 81.250 (79.401)	Prec@5 96.875 (95.607)
Test: [200/782]	Time 0.075 (0.081)	Loss 0.8852 (0.7355)	Prec@1 76.562 (79.408)	Prec@5 93.750 (95.608)
Test: [210/782]	Time 0.073 (0.081)	Loss 0.9000 (0.7339)	Prec@1 78.125 (79.421)	Prec@5 93.750 (95.616)
Test: [220/782]	Time 0.076 (0.081)	Loss 1.6313 (0.7443)	Prec@1 34.375 (79.150)	Prec@5 93.750 (95.581)
Test: [230/782]	Time 0.070 (0.080)	Loss 0.4055 (0.7388)	Prec@1 85.938 (79.329)	Prec@5 98.438 (95.624)
Test: [240/782]	Time 0.070 (0.080)	Loss 0.5549 (0.7388)	Prec@1 85.938 (79.396)	Prec@5 95.312 (95.650)
Test: [250/782]	Time 0.069 (0.079)	Loss 0.5400 (0.7406)	Prec@1 81.250 (79.414)	Prec@5 96.875 (95.624)
Test: [260/782]	Time 0.068 (0.079)	Loss 0.1949 (0.7273)	Prec@1 95.312 (79.771)	Prec@5 100.000 (95.720)
Test: [270/782]	Time 0.069 (0.079)	Loss 0.7796 (0.7230)	Prec@1 75.000 (79.947)	Prec@5 96.875 (95.716)
Test: [280/782]	Time 0.071 (0.078)	Loss 1.1910 (0.7235)	Prec@1 56.250 (79.810)	Prec@5 98.438 (95.785)
Test: [290/782]	Time 0.070 (0.078)	Loss 1.2571 (0.7226)	Prec@1 71.875 (79.934)	Prec@5 95.312 (95.753)
Test: [300/782]	Time 0.070 (0.078)	Loss 0.5193 (0.7296)	Prec@1 79.688 (79.771)	Prec@5 98.438 (95.717)
Test: [310/782]	Time 0.070 (0.077)	Loss 0.3712 (0.7258)	Prec@1 95.312 (79.873)	Prec@5 96.875 (95.745)
Test: [320/782]	Time 0.069 (0.077)	Loss 0.6893 (0.7312)	Prec@1 76.562 (79.775)	Prec@5 100.000 (95.692)
Test: [330/782]	Time 0.068 (0.077)	Loss 0.8491 (0.7404)	Prec@1 70.312 (79.499)	Prec@5 93.750 (95.624)
Test: [340/782]	Time 0.069 (0.077)	Loss 1.7030 (0.7456)	Prec@1 42.188 (79.303)	Prec@5 89.062 (95.578)
Test: [350/782]	Time 0.069 (0.077)	Loss 0.5746 (0.7542)	Prec@1 81.250 (79.082)	Prec@5 98.438 (95.531)
Test: [360/782]	Time 0.070 (0.076)	Loss 1.0678 (0.7609)	Prec@1 62.500 (78.926)	Prec@5 93.750 (95.434)
Test: [370/782]	Time 0.070 (0.076)	Loss 0.9642 (0.7709)	Prec@1 79.688 (78.799)	Prec@5 95.312 (95.329)
Test: [380/782]	Time 0.069 (0.076)	Loss 0.9349 (0.7794)	Prec@1 75.000 (78.523)	Prec@5 87.500 (95.235)
Test: [390/782]	Time 0.070 (0.076)	Loss 1.1927 (0.7924)	Prec@1 71.875 (78.305)	Prec@5 87.500 (95.113)
Test: [400/782]	Time 0.068 (0.076)	Loss 0.4947 (0.8030)	Prec@1 84.375 (78.063)	Prec@5 98.438 (94.989)
Test: [410/782]	Time 0.070 (0.076)	Loss 0.9259 (0.8080)	Prec@1 73.438 (77.916)	Prec@5 95.312 (94.940)
Test: [420/782]	Time 0.071 (0.075)	Loss 0.6379 (0.8133)	Prec@1 87.500 (77.821)	Prec@5 96.875 (94.893)
Test: [430/782]	Time 0.068 (0.075)	Loss 0.7310 (0.8172)	Prec@1 78.125 (77.759)	Prec@5 93.750 (94.841)
Test: [440/782]	Time 0.069 (0.075)	Loss 0.4436 (0.8185)	Prec@1 84.375 (77.753)	Prec@5 100.000 (94.788)
Test: [450/782]	Time 0.070 (0.075)	Loss 0.4615 (0.8143)	Prec@1 89.062 (77.903)	Prec@5 93.750 (94.803)
Test: [460/782]	Time 0.069 (0.075)	Loss 1.4307 (0.8212)	Prec@1 71.875 (77.773)	Prec@5 85.938 (94.702)
Test: [470/782]	Time 0.070 (0.075)	Loss 1.1001 (0.8279)	Prec@1 70.312 (77.621)	Prec@5 95.312 (94.622)
Test: [480/782]	Time 0.069 (0.075)	Loss 0.7651 (0.8235)	Prec@1 84.375 (77.787)	Prec@5 93.750 (94.630)
Test: [490/782]	Time 0.068 (0.074)	Loss 0.4653 (0.8318)	Prec@1 87.500 (77.562)	Prec@5 92.188 (94.511)
Test: [500/782]	Time 0.070 (0.074)	Loss 0.3264 (0.8380)	Prec@1 92.188 (77.361)	Prec@5 98.438 (94.483)
Test: [510/782]	Time 0.069 (0.074)	Loss 1.5002 (0.8430)	Prec@1 67.188 (77.287)	Prec@5 84.375 (94.410)
Test: [520/782]	Time 0.070 (0.074)	Loss 0.7480 (0.8505)	Prec@1 82.812 (77.042)	Prec@5 95.312 (94.380)
Test: [530/782]	Time 0.069 (0.074)	Loss 1.1091 (0.8540)	Prec@1 76.562 (77.022)	Prec@5 89.062 (94.330)
Test: [540/782]	Time 0.068 (0.074)	Loss 1.8901 (0.8569)	Prec@1 48.438 (76.935)	Prec@5 84.375 (94.293)
Test: [550/782]	Time 0.069 (0.074)	Loss 0.5808 (0.8554)	Prec@1 81.250 (77.016)	Prec@5 98.438 (94.300)
Test: [560/782]	Time 0.068 (0.074)	Loss 1.4011 (0.8596)	Prec@1 59.375 (76.913)	Prec@5 92.188 (94.265)
Test: [570/782]	Time 0.069 (0.074)	Loss 0.9300 (0.8604)	Prec@1 75.000 (76.915)	Prec@5 92.188 (94.234)
Test: [580/782]	Time 0.070 (0.074)	Loss 0.9725 (0.8642)	Prec@1 64.062 (76.813)	Prec@5 93.750 (94.164)
Test: [590/782]	Time 0.070 (0.074)	Loss 0.4829 (0.8667)	Prec@1 90.625 (76.779)	Prec@5 96.875 (94.123)
Test: [600/782]	Time 0.069 (0.073)	Loss 0.6186 (0.8693)	Prec@1 82.812 (76.760)	Prec@5 98.438 (94.072)
Test: [610/782]	Time 0.068 (0.073)	Loss 0.4415 (0.8706)	Prec@1 84.375 (76.739)	Prec@5 95.312 (94.034)
Test: [620/782]	Time 0.073 (0.073)	Loss 1.3490 (0.8727)	Prec@1 71.875 (76.703)	Prec@5 85.938 (94.002)
Test: [630/782]	Time 0.074 (0.073)	Loss 1.1638 (0.8731)	Prec@1 75.000 (76.714)	Prec@5 85.938 (93.985)
Test: [640/782]	Time 0.069 (0.073)	Loss 0.8008 (0.8784)	Prec@1 79.688 (76.553)	Prec@5 96.875 (93.945)
Test: [650/782]	Time 0.070 (0.073)	Loss 0.3748 (0.8785)	Prec@1 90.625 (76.570)	Prec@5 96.875 (93.923)
Test: [660/782]	Time 0.069 (0.073)	Loss 1.3887 (0.8860)	Prec@1 67.188 (76.371)	Prec@5 87.500 (93.837)
Test: [670/782]	Time 0.069 (0.073)	Loss 0.9489 (0.8870)	Prec@1 76.562 (76.295)	Prec@5 90.625 (93.841)
Test: [680/782]	Time 0.070 (0.073)	Loss 0.5849 (0.8879)	Prec@1 73.438 (76.260)	Prec@5 98.438 (93.828)
Test: [690/782]	Time 0.070 (0.073)	Loss 1.1643 (0.8868)	Prec@1 70.312 (76.280)	Prec@5 89.062 (93.834)
Test: [700/782]	Time 0.069 (0.073)	Loss 0.8244 (0.8884)	Prec@1 79.688 (76.244)	Prec@5 93.750 (93.815)
Test: [710/782]	Time 0.070 (0.073)	Loss 1.4663 (0.8947)	Prec@1 43.750 (76.081)	Prec@5 92.188 (93.752)
Test: [720/782]	Time 0.068 (0.073)	Loss 0.6746 (0.8929)	Prec@1 82.812 (76.142)	Prec@5 96.875 (93.778)
Test: [730/782]	Time 0.069 (0.073)	Loss 0.8710 (0.8919)	Prec@1 81.250 (76.163)	Prec@5 89.062 (93.786)
Test: [740/782]	Time 0.068 (0.073)	Loss 1.1426 (0.8886)	Prec@1 57.812 (76.221)	Prec@5 100.000 (93.843)
Test: [750/782]	Time 0.069 (0.073)	Loss 1.5452 (0.8853)	Prec@1 56.250 (76.307)	Prec@5 84.375 (93.860)
Test: [760/782]	Time 0.069 (0.073)	Loss 0.9793 (0.8895)	Prec@1 73.438 (76.203)	Prec@5 96.875 (93.828)
Test: [770/782]	Time 0.069 (0.073)	Loss 0.0056 (0.8875)	Prec@1 100.000 (76.261)	Prec@5 100.000 (93.866)
Test: [780/782]	Time 0.067 (0.072)	Loss 1.6224 (0.8829)	Prec@1 50.000 (76.380)	Prec@5 92.188 (93.908)
 * Prec@1 76.372 Prec@5 93.902 Loss 0.883 Time 56.717
2026-09-17 16:46:31 - finished the process.
