2026-09-17 14:24:16 - start the process.
Namespace(model='vit_small', config='./configs/4bit/best.py', dataset='/root/autodl-tmp/FIMA-Q-Reproduction/imagenet_fimaq', optim_size=1024, val_batch_size=64, num_workers=8, device='cuda:0', calibrate=False, load_calibrate_checkpoint='./checkpoints/quant_result/20260916_1818/vit_small_w4_a4_calibsize_128_mse.pth', test_calibrate_checkpoint=False, optimize=True, load_optimize_checkpoint=None, test_optimize_checkpoint=False, print_freq=10, seed=3407, optim_batch_size=32, optim_metric='mse', optim_mode='qdrop', drop_prob=0.5)
Successfully imported Config class!
optim_size: 1024
calib_size: 128
optim_batch_size: 32
calib_batch_size: 32
w_bit: 4
a_bit: 4
qconv_a_bit: 8
qhead_a_bit: 4
calib_metric: mse
matmul_head_channel_wise: True
token_channel_wise: True
eq_n: 128
search_round: 3
keep_gpu: True
optim_metric: mse
temp: 20
k: 5
p1: 1.0
p2: 1.0
dis_mode: q
optim_mode: qdrop
drop_prob: 0.5
Building model ...
No checkpoint found at './checkpoints/vit_raw/vit_small_patch16_224.bin'
Loading pretrained weights from Hugging Face hub (timm/vit_small_patch16_224.augreg_in21k_ft_in1k)
[timm/vit_small_patch16_224.augreg_in21k_ft_in1k] Safe alternative available for 'pytorch_model.bin' (as 'model.safetensors'). Loading weights using safetensors.
Building validation dataloader ...
Wraping quantiztion modules (reparam: False) ...
Restoring checkpoint from './checkpoints/quant_result/20260916_1818/vit_small_w4_a4_calibsize_128_mse.pth'
<All keys matched successfully>
Building calibrator ...
2026-09-17 14:24:53 - start mse guided block reconstruction
reconstructing patch_embed ...
initializing raw input and raw output ...
adaround training for patch_embed ...
finished reconstructing patch_embed.
reconstructing blocks.0 ...
initializing raw input and raw output ...
initializing quanted input ...
adaround training for blocks.0 ...
finished reconstructing blocks.0.
reconstructing blocks.1 ...
initializing raw input and raw output ...
initializing quanted input ...
adaround training for blocks.1 ...
finished reconstructing blocks.1.
reconstructing blocks.2 ...
initializing raw input and raw output ...
initializing quanted input ...
adaround training for blocks.2 ...
finished reconstructing blocks.2.
reconstructing blocks.3 ...
initializing raw input and raw output ...
initializing quanted input ...
adaround training for blocks.3 ...
finished reconstructing blocks.3.
reconstructing blocks.4 ...
initializing raw input and raw output ...
initializing quanted input ...
adaround training for blocks.4 ...
finished reconstructing blocks.4.
reconstructing blocks.5 ...
initializing raw input and raw output ...
initializing quanted input ...
adaround training for blocks.5 ...
finished reconstructing blocks.5.
reconstructing blocks.6 ...
initializing raw input and raw output ...
initializing quanted input ...
adaround training for blocks.6 ...
finished reconstructing blocks.6.
reconstructing blocks.7 ...
initializing raw input and raw output ...
initializing quanted input ...
adaround training for blocks.7 ...
finished reconstructing blocks.7.
reconstructing blocks.8 ...
initializing raw input and raw output ...
initializing quanted input ...
adaround training for blocks.8 ...
finished reconstructing blocks.8.
reconstructing blocks.9 ...
initializing raw input and raw output ...
initializing quanted input ...
adaround training for blocks.9 ...
finished reconstructing blocks.9.
reconstructing blocks.10 ...
initializing raw input and raw output ...
initializing quanted input ...
adaround training for blocks.10 ...
finished reconstructing blocks.10.
reconstructing blocks.11 ...
initializing raw input and raw output ...
initializing quanted input ...
adaround training for blocks.11 ...
finished reconstructing blocks.11.
reconstructing head ...
initializing raw input and raw output ...
initializing quanted input ...
adaround training for head ...
finished reconstructing head.
2026-09-17 16:13:47 - mse guided block reconstruction finished.
Saving checkpoint to ./checkpoints/quant_result/20260917_1424/vit_small_w4_a4_optimsize_1024_mse_qdrop.pth
Validating on calibration set after block reconstruction ...
Test: [0/32]	Time 0.750 (0.750)	Loss 0.2948 (0.2948)	Prec@1 90.625 (90.625)	Prec@5 100.000 (100.000)
Test: [10/32]	Time 0.037 (0.100)	Loss 0.7941 (0.6277)	Prec@1 71.875 (82.670)	Prec@5 96.875 (96.307)
Test: [20/32]	Time 0.037 (0.070)	Loss 0.7629 (0.7111)	Prec@1 84.375 (82.143)	Prec@5 100.000 (95.387)
Test: [30/32]	Time 0.036 (0.059)	Loss 0.6398 (0.7293)	Prec@1 78.125 (81.552)	Prec@5 96.875 (95.060)
 * Prec@1 81.543 Prec@5 95.215 Loss 0.723 Time 1.965
Validating on test set after block reconstruction ...
Test: [0/782]	Time 1.309 (1.309)	Loss 0.4614 (0.4614)	Prec@1 92.188 (92.188)	Prec@5 95.312 (95.312)
Test: [10/782]	Time 0.103 (0.216)	Loss 0.2087 (0.6472)	Prec@1 98.438 (83.807)	Prec@5 100.000 (95.739)
Test: [20/782]	Time 0.102 (0.161)	Loss 0.9273 (0.6574)	Prec@1 73.438 (84.896)	Prec@5 96.875 (95.312)
Test: [30/782]	Time 0.103 (0.142)	Loss 0.8142 (0.7916)	Prec@1 81.250 (80.494)	Prec@5 96.875 (94.960)
Test: [40/782]	Time 0.102 (0.132)	Loss 0.6344 (0.8800)	Prec@1 89.062 (78.468)	Prec@5 96.875 (94.131)
Test: [50/782]	Time 0.103 (0.126)	Loss 1.0927 (0.9575)	Prec@1 78.125 (76.317)	Prec@5 95.312 (93.750)
Test: [60/782]	Time 0.105 (0.122)	Loss 0.7722 (0.9593)	Prec@1 75.000 (75.102)	Prec@5 100.000 (93.878)
Test: [70/782]	Time 0.102 (0.119)	Loss 0.2673 (0.9204)	Prec@1 95.312 (76.540)	Prec@5 98.438 (94.036)
Test: [80/782]	Time 0.095 (0.117)	Loss 1.1180 (0.8835)	Prec@1 71.875 (77.585)	Prec@5 87.500 (94.155)
Test: [90/782]	Time 0.095 (0.114)	Loss 0.5984 (0.8887)	Prec@1 85.938 (77.936)	Prec@5 100.000 (94.059)
Test: [100/782]	Time 0.094 (0.113)	Loss 0.9079 (0.8953)	Prec@1 78.125 (77.692)	Prec@5 89.062 (94.028)
Test: [110/782]	Time 0.096 (0.111)	Loss 0.5897 (0.8658)	Prec@1 85.938 (78.561)	Prec@5 96.875 (94.285)
Test: [120/782]	Time 0.094 (0.110)	Loss 1.0294 (0.8542)	Prec@1 75.000 (78.745)	Prec@5 92.188 (94.331)
Test: [130/782]	Time 0.095 (0.109)	Loss 1.5189 (0.8748)	Prec@1 53.125 (77.994)	Prec@5 92.188 (94.251)
Test: [140/782]	Time 0.097 (0.108)	Loss 1.4660 (0.8932)	Prec@1 59.375 (77.371)	Prec@5 90.625 (94.105)
Test: [150/782]	Time 0.091 (0.107)	Loss 1.6295 (0.9169)	Prec@1 54.688 (76.749)	Prec@5 87.500 (93.947)
Test: [160/782]	Time 0.092 (0.106)	Loss 1.3332 (0.9358)	Prec@1 64.062 (76.087)	Prec@5 93.750 (93.915)
Test: [170/782]	Time 0.097 (0.106)	Loss 0.6291 (0.9388)	Prec@1 93.750 (76.215)	Prec@5 98.438 (93.924)
Test: [180/782]	Time 0.097 (0.105)	Loss 1.4267 (0.9560)	Prec@1 46.875 (75.760)	Prec@5 90.625 (93.759)
Test: [190/782]	Time 0.094 (0.104)	Loss 0.6509 (0.9640)	Prec@1 87.500 (75.237)	Prec@5 95.312 (93.766)
Test: [200/782]	Time 0.099 (0.104)	Loss 1.1590 (0.9602)	Prec@1 67.188 (75.233)	Prec@5 92.188 (93.874)
Test: [210/782]	Time 0.102 (0.104)	Loss 1.0869 (0.9570)	Prec@1 70.312 (75.185)	Prec@5 92.188 (93.935)
Test: [220/782]	Time 0.103 (0.104)	Loss 1.6812 (0.9631)	Prec@1 34.375 (74.965)	Prec@5 95.312 (93.969)
Test: [230/782]	Time 0.097 (0.104)	Loss 0.5152 (0.9505)	Prec@1 82.812 (75.298)	Prec@5 98.438 (94.102)
Test: [240/782]	Time 0.097 (0.103)	Loss 0.7012 (0.9478)	Prec@1 85.938 (75.415)	Prec@5 93.750 (94.113)
Test: [250/782]	Time 0.093 (0.103)	Loss 0.6682 (0.9467)	Prec@1 78.125 (75.535)	Prec@5 98.438 (94.136)
Test: [260/782]	Time 0.099 (0.103)	Loss 0.2660 (0.9317)	Prec@1 95.312 (76.012)	Prec@5 100.000 (94.265)
Test: [270/782]	Time 0.097 (0.103)	Loss 1.2154 (0.9273)	Prec@1 67.188 (76.193)	Prec@5 90.625 (94.269)
Test: [280/782]	Time 0.096 (0.102)	Loss 1.1455 (0.9253)	Prec@1 57.812 (76.107)	Prec@5 98.438 (94.373)
Test: [290/782]	Time 0.103 (0.102)	Loss 1.4189 (0.9229)	Prec@1 68.750 (76.246)	Prec@5 93.750 (94.357)
Test: [300/782]	Time 0.100 (0.102)	Loss 0.7465 (0.9270)	Prec@1 76.562 (76.178)	Prec@5 98.438 (94.285)
Test: [310/782]	Time 0.103 (0.102)	Loss 0.9163 (0.9258)	Prec@1 81.250 (76.151)	Prec@5 92.188 (94.242)
Test: [320/782]	Time 0.103 (0.102)	Loss 0.9502 (0.9340)	Prec@1 71.875 (75.964)	Prec@5 98.438 (94.149)
Test: [330/782]	Time 0.068 (0.102)	Loss 1.3912 (0.9497)	Prec@1 67.188 (75.713)	Prec@5 85.938 (93.977)
Test: [340/782]	Time 0.093 (0.101)	Loss 1.8859 (0.9612)	Prec@1 48.438 (75.467)	Prec@5 84.375 (93.887)
Test: [350/782]	Time 0.107 (0.101)	Loss 0.9577 (0.9713)	Prec@1 84.375 (75.294)	Prec@5 96.875 (93.781)
Test: [360/782]	Time 0.074 (0.101)	Loss 1.2543 (0.9833)	Prec@1 59.375 (75.091)	Prec@5 93.750 (93.633)
Test: [370/782]	Time 0.105 (0.101)	Loss 1.3548 (0.9996)	Prec@1 64.062 (74.789)	Prec@5 89.062 (93.413)
Test: [380/782]	Time 0.107 (0.101)	Loss 1.0642 (1.0096)	Prec@1 75.000 (74.524)	Prec@5 90.625 (93.323)
Test: [390/782]	Time 0.113 (0.100)	Loss 1.6077 (1.0272)	Prec@1 60.938 (74.189)	Prec@5 82.812 (93.119)
Test: [400/782]	Time 0.070 (0.100)	Loss 0.9755 (1.0382)	Prec@1 75.000 (73.987)	Prec@5 93.750 (92.928)
Test: [410/782]	Time 0.099 (0.100)	Loss 1.0976 (1.0484)	Prec@1 75.000 (73.742)	Prec@5 92.188 (92.803)
Test: [420/782]	Time 0.099 (0.100)	Loss 0.8536 (1.0524)	Prec@1 79.688 (73.727)	Prec@5 93.750 (92.785)
Test: [430/782]	Time 0.095 (0.100)	Loss 0.9115 (1.0590)	Prec@1 76.562 (73.575)	Prec@5 96.875 (92.717)
Test: [440/782]	Time 0.098 (0.100)	Loss 0.6848 (1.0616)	Prec@1 81.250 (73.664)	Prec@5 100.000 (92.676)
Test: [450/782]	Time 0.098 (0.100)	Loss 0.6580 (1.0598)	Prec@1 89.062 (73.791)	Prec@5 96.875 (92.676)
Test: [460/782]	Time 0.097 (0.100)	Loss 1.7271 (1.0682)	Prec@1 62.500 (73.641)	Prec@5 82.812 (92.601)
Test: [470/782]	Time 0.099 (0.100)	Loss 1.5256 (1.0791)	Prec@1 60.938 (73.414)	Prec@5 92.188 (92.466)
Test: [480/782]	Time 0.097 (0.100)	Loss 1.1316 (1.0766)	Prec@1 81.250 (73.574)	Prec@5 90.625 (92.454)
Test: [490/782]	Time 0.100 (0.100)	Loss 0.6209 (1.0880)	Prec@1 87.500 (73.332)	Prec@5 95.312 (92.308)
Test: [500/782]	Time 0.099 (0.099)	Loss 0.6076 (1.0961)	Prec@1 84.375 (73.110)	Prec@5 95.312 (92.250)
Test: [510/782]	Time 0.093 (0.099)	Loss 1.6122 (1.1037)	Prec@1 65.625 (73.046)	Prec@5 82.812 (92.142)
Test: [520/782]	Time 0.096 (0.099)	Loss 1.0269 (1.1113)	Prec@1 75.000 (72.835)	Prec@5 95.312 (92.080)
Test: [530/782]	Time 0.099 (0.099)	Loss 1.3233 (1.1153)	Prec@1 76.562 (72.790)	Prec@5 87.500 (92.017)
Test: [540/782]	Time 0.100 (0.099)	Loss 2.2388 (1.1202)	Prec@1 43.750 (72.687)	Prec@5 87.500 (91.980)
Test: [550/782]	Time 0.094 (0.099)	Loss 1.2507 (1.1233)	Prec@1 64.062 (72.683)	Prec@5 90.625 (91.961)
Test: [560/782]	Time 0.094 (0.099)	Loss 1.7875 (1.1280)	Prec@1 53.125 (72.588)	Prec@5 87.500 (91.917)
Test: [570/782]	Time 0.102 (0.099)	Loss 1.2654 (1.1293)	Prec@1 76.562 (72.614)	Prec@5 93.750 (91.900)
Test: [580/782]	Time 0.102 (0.099)	Loss 1.3750 (1.1368)	Prec@1 70.312 (72.499)	Prec@5 89.062 (91.787)
Test: [590/782]	Time 0.098 (0.099)	Loss 0.6294 (1.1385)	Prec@1 90.625 (72.504)	Prec@5 96.875 (91.767)
Test: [600/782]	Time 0.097 (0.099)	Loss 0.9075 (1.1416)	Prec@1 82.812 (72.504)	Prec@5 95.312 (91.717)
Test: [610/782]	Time 0.099 (0.099)	Loss 0.7078 (1.1439)	Prec@1 78.125 (72.494)	Prec@5 95.312 (91.681)
Test: [620/782]	Time 0.098 (0.099)	Loss 1.7953 (1.1497)	Prec@1 67.188 (72.411)	Prec@5 84.375 (91.624)
Test: [630/782]	Time 0.099 (0.099)	Loss 1.3746 (1.1533)	Prec@1 70.312 (72.373)	Prec@5 85.938 (91.573)
Test: [640/782]	Time 0.096 (0.099)	Loss 1.1224 (1.1577)	Prec@1 82.812 (72.231)	Prec@5 95.312 (91.524)
Test: [650/782]	Time 0.096 (0.099)	Loss 0.6564 (1.1598)	Prec@1 84.375 (72.206)	Prec@5 93.750 (91.506)
Test: [660/782]	Time 0.097 (0.099)	Loss 2.4539 (1.1731)	Prec@1 45.312 (71.929)	Prec@5 73.438 (91.334)
Test: [670/782]	Time 0.097 (0.099)	Loss 1.3045 (1.1732)	Prec@1 73.438 (71.887)	Prec@5 90.625 (91.354)
Test: [680/782]	Time 0.097 (0.099)	Loss 0.8603 (1.1763)	Prec@1 70.312 (71.834)	Prec@5 98.438 (91.339)
Test: [690/782]	Time 0.097 (0.099)	Loss 1.3760 (1.1788)	Prec@1 70.312 (71.818)	Prec@5 89.062 (91.317)
Test: [700/782]	Time 0.096 (0.099)	Loss 1.1247 (1.1818)	Prec@1 71.875 (71.784)	Prec@5 92.188 (91.276)
Test: [710/782]	Time 0.098 (0.099)	Loss 1.5093 (1.1883)	Prec@1 51.562 (71.622)	Prec@5 92.188 (91.199)
Test: [720/782]	Time 0.099 (0.099)	Loss 1.3801 (1.1868)	Prec@1 64.062 (71.669)	Prec@5 92.188 (91.238)
Test: [730/782]	Time 0.097 (0.099)	Loss 1.2244 (1.1863)	Prec@1 67.188 (71.668)	Prec@5 84.375 (91.234)
Test: [740/782]	Time 0.096 (0.099)	Loss 0.9082 (1.1814)	Prec@1 67.188 (71.744)	Prec@5 100.000 (91.289)
Test: [750/782]	Time 0.095 (0.099)	Loss 2.2958 (1.1778)	Prec@1 45.312 (71.871)	Prec@5 79.688 (91.324)
Test: [760/782]	Time 0.096 (0.099)	Loss 0.8873 (1.1814)	Prec@1 82.812 (71.795)	Prec@5 95.312 (91.276)
Test: [770/782]	Time 0.097 (0.099)	Loss 0.0282 (1.1791)	Prec@1 100.000 (71.861)	Prec@5 100.000 (91.318)
Test: [780/782]	Time 0.095 (0.098)	Loss 2.1983 (1.1736)	Prec@1 35.938 (71.983)	Prec@5 81.250 (91.367)
 * Prec@1 71.974 Prec@5 91.360 Loss 1.174 Time 77.047
2026-09-17 16:15:07 - finished the process.
