Shared cache: checkpoints/fisher_probe/fixed_pilot_images.pt 2fcdcec4919866b6dce2d219ec400a4c1f0af3e6cfe799d22fa9864f0c0b1742
Results: /root/autodl-tmp/FIMA-Q-Reproduction/FIMA-Q/checkpoints/fisher_probe/fixed_results/20260928_143826_9243_pilot
Collecting blocks.0.attn
blocks.0.attn image 1 / 32
blocks.0.attn image 2 / 32
blocks.0.attn image 3 / 32
blocks.0.attn image 4 / 32
blocks.0.attn image 5 / 32
blocks.0.attn image 6 / 32
blocks.0.attn image 7 / 32
blocks.0.attn image 8 / 32
blocks.0.attn image 9 / 32
blocks.0.attn image 10 / 32
blocks.0.attn image 11 / 32
blocks.0.attn image 12 / 32
blocks.0.attn image 13 / 32
blocks.0.attn image 14 / 32
blocks.0.attn image 15 / 32
blocks.0.attn image 16 / 32
blocks.0.attn image 17 / 32
blocks.0.attn image 18 / 32
blocks.0.attn image 19 / 32
blocks.0.attn image 20 / 32
blocks.0.attn image 21 / 32
blocks.0.attn image 22 / 32
blocks.0.attn image 23 / 32
blocks.0.attn image 24 / 32
blocks.0.attn image 25 / 32
blocks.0.attn image 26 / 32
blocks.0.attn image 27 / 32
blocks.0.attn image 28 / 32
blocks.0.attn image 29 / 32
blocks.0.attn image 30 / 32
blocks.0.attn image 31 / 32
blocks.0.attn image 32 / 32
Collecting blocks.0.mlp
blocks.0.mlp image 1 / 32
blocks.0.mlp image 2 / 32
blocks.0.mlp image 3 / 32
blocks.0.mlp image 4 / 32
blocks.0.mlp image 5 / 32
blocks.0.mlp image 6 / 32
blocks.0.mlp image 7 / 32
blocks.0.mlp image 8 / 32
blocks.0.mlp image 9 / 32
blocks.0.mlp image 10 / 32
blocks.0.mlp image 11 / 32
blocks.0.mlp image 12 / 32
blocks.0.mlp image 13 / 32
blocks.0.mlp image 14 / 32
blocks.0.mlp image 15 / 32
blocks.0.mlp image 16 / 32
blocks.0.mlp image 17 / 32
blocks.0.mlp image 18 / 32
blocks.0.mlp image 19 / 32
blocks.0.mlp image 20 / 32
blocks.0.mlp image 21 / 32
blocks.0.mlp image 22 / 32
blocks.0.mlp image 23 / 32
blocks.0.mlp image 24 / 32
blocks.0.mlp image 25 / 32
blocks.0.mlp image 26 / 32
blocks.0.mlp image 27 / 32
blocks.0.mlp image 28 / 32
blocks.0.mlp image 29 / 32
blocks.0.mlp image 30 / 32
blocks.0.mlp image 31 / 32
blocks.0.mlp image 32 / 32
Collecting blocks.3.attn
blocks.3.attn image 1 / 32
blocks.3.attn image 2 / 32
blocks.3.attn image 3 / 32
blocks.3.attn image 4 / 32
blocks.3.attn image 5 / 32
blocks.3.attn image 6 / 32
blocks.3.attn image 7 / 32
blocks.3.attn image 8 / 32
blocks.3.attn image 9 / 32
blocks.3.attn image 10 / 32
blocks.3.attn image 11 / 32
blocks.3.attn image 12 / 32
blocks.3.attn image 13 / 32
blocks.3.attn image 14 / 32
blocks.3.attn image 15 / 32
blocks.3.attn image 16 / 32
blocks.3.attn image 17 / 32
blocks.3.attn image 18 / 32
blocks.3.attn image 19 / 32
blocks.3.attn image 20 / 32
blocks.3.attn image 21 / 32
blocks.3.attn image 22 / 32
blocks.3.attn image 23 / 32
blocks.3.attn image 24 / 32
blocks.3.attn image 25 / 32
blocks.3.attn image 26 / 32
blocks.3.attn image 27 / 32
blocks.3.attn image 28 / 32
blocks.3.attn image 29 / 32
blocks.3.attn image 30 / 32
blocks.3.attn image 31 / 32
blocks.3.attn image 32 / 32
Collecting blocks.3.mlp
blocks.3.mlp image 1 / 32
blocks.3.mlp image 2 / 32
blocks.3.mlp image 3 / 32
blocks.3.mlp image 4 / 32
blocks.3.mlp image 5 / 32
blocks.3.mlp image 6 / 32
blocks.3.mlp image 7 / 32
blocks.3.mlp image 8 / 32
blocks.3.mlp image 9 / 32
blocks.3.mlp image 10 / 32
blocks.3.mlp image 11 / 32
blocks.3.mlp image 12 / 32
blocks.3.mlp image 13 / 32
blocks.3.mlp image 14 / 32
blocks.3.mlp image 15 / 32
blocks.3.mlp image 16 / 32
blocks.3.mlp image 17 / 32
blocks.3.mlp image 18 / 32
blocks.3.mlp image 19 / 32
blocks.3.mlp image 20 / 32
blocks.3.mlp image 21 / 32
blocks.3.mlp image 22 / 32
blocks.3.mlp image 23 / 32
blocks.3.mlp image 24 / 32
blocks.3.mlp image 25 / 32
blocks.3.mlp image 26 / 32
blocks.3.mlp image 27 / 32
blocks.3.mlp image 28 / 32
blocks.3.mlp image 29 / 32
blocks.3.mlp image 30 / 32
blocks.3.mlp image 31 / 32
blocks.3.mlp image 32 / 32
Collecting blocks.5.attn
blocks.5.attn image 1 / 32
blocks.5.attn image 2 / 32
blocks.5.attn image 3 / 32
blocks.5.attn image 4 / 32
blocks.5.attn image 5 / 32
blocks.5.attn image 6 / 32
blocks.5.attn image 7 / 32
blocks.5.attn image 8 / 32
blocks.5.attn image 9 / 32
blocks.5.attn image 10 / 32
blocks.5.attn image 11 / 32
blocks.5.attn image 12 / 32
blocks.5.attn image 13 / 32
blocks.5.attn image 14 / 32
blocks.5.attn image 15 / 32
blocks.5.attn image 16 / 32
blocks.5.attn image 17 / 32
blocks.5.attn image 18 / 32
blocks.5.attn image 19 / 32
blocks.5.attn image 20 / 32
blocks.5.attn image 21 / 32
blocks.5.attn image 22 / 32
blocks.5.attn image 23 / 32
blocks.5.attn image 24 / 32
blocks.5.attn image 25 / 32
blocks.5.attn image 26 / 32
blocks.5.attn image 27 / 32
blocks.5.attn image 28 / 32
blocks.5.attn image 29 / 32
blocks.5.attn image 30 / 32
blocks.5.attn image 31 / 32
blocks.5.attn image 32 / 32
Collecting blocks.5.mlp
blocks.5.mlp image 1 / 32
blocks.5.mlp image 2 / 32
blocks.5.mlp image 3 / 32
blocks.5.mlp image 4 / 32
blocks.5.mlp image 5 / 32
blocks.5.mlp image 6 / 32
blocks.5.mlp image 7 / 32
blocks.5.mlp image 8 / 32
blocks.5.mlp image 9 / 32
blocks.5.mlp image 10 / 32
blocks.5.mlp image 11 / 32
blocks.5.mlp image 12 / 32
blocks.5.mlp image 13 / 32
blocks.5.mlp image 14 / 32
blocks.5.mlp image 15 / 32
blocks.5.mlp image 16 / 32
blocks.5.mlp image 17 / 32
blocks.5.mlp image 18 / 32
blocks.5.mlp image 19 / 32
blocks.5.mlp image 20 / 32
blocks.5.mlp image 21 / 32
blocks.5.mlp image 22 / 32
blocks.5.mlp image 23 / 32
blocks.5.mlp image 24 / 32
blocks.5.mlp image 25 / 32
blocks.5.mlp image 26 / 32
blocks.5.mlp image 27 / 32
blocks.5.mlp image 28 / 32
blocks.5.mlp image 29 / 32
blocks.5.mlp image 30 / 32
blocks.5.mlp image 31 / 32
blocks.5.mlp image 32 / 32
Collecting blocks.8.attn
blocks.8.attn image 1 / 32
blocks.8.attn image 2 / 32
blocks.8.attn image 3 / 32
blocks.8.attn image 4 / 32
blocks.8.attn image 5 / 32
blocks.8.attn image 6 / 32
blocks.8.attn image 7 / 32
blocks.8.attn image 8 / 32
blocks.8.attn image 9 / 32
blocks.8.attn image 10 / 32
blocks.8.attn image 11 / 32
blocks.8.attn image 12 / 32
blocks.8.attn image 13 / 32
blocks.8.attn image 14 / 32
blocks.8.attn image 15 / 32
blocks.8.attn image 16 / 32
blocks.8.attn image 17 / 32
blocks.8.attn image 18 / 32
blocks.8.attn image 19 / 32
blocks.8.attn image 20 / 32
blocks.8.attn image 21 / 32
blocks.8.attn image 22 / 32
blocks.8.attn image 23 / 32
blocks.8.attn image 24 / 32
blocks.8.attn image 25 / 32
blocks.8.attn image 26 / 32
blocks.8.attn image 27 / 32
blocks.8.attn image 28 / 32
blocks.8.attn image 29 / 32
blocks.8.attn image 30 / 32
blocks.8.attn image 31 / 32
blocks.8.attn image 32 / 32
Collecting blocks.8.mlp
blocks.8.mlp image 1 / 32
blocks.8.mlp image 2 / 32
blocks.8.mlp image 3 / 32
blocks.8.mlp image 4 / 32
blocks.8.mlp image 5 / 32
blocks.8.mlp image 6 / 32
blocks.8.mlp image 7 / 32
blocks.8.mlp image 8 / 32
blocks.8.mlp image 9 / 32
blocks.8.mlp image 10 / 32
blocks.8.mlp image 11 / 32
blocks.8.mlp image 12 / 32
blocks.8.mlp image 13 / 32
blocks.8.mlp image 14 / 32
blocks.8.mlp image 15 / 32
blocks.8.mlp image 16 / 32
blocks.8.mlp image 17 / 32
blocks.8.mlp image 18 / 32
blocks.8.mlp image 19 / 32
blocks.8.mlp image 20 / 32
blocks.8.mlp image 21 / 32
blocks.8.mlp image 22 / 32
blocks.8.mlp image 23 / 32
blocks.8.mlp image 24 / 32
blocks.8.mlp image 25 / 32
blocks.8.mlp image 26 / 32
blocks.8.mlp image 27 / 32
blocks.8.mlp image 28 / 32
blocks.8.mlp image 29 / 32
blocks.8.mlp image 30 / 32
blocks.8.mlp image 31 / 32
blocks.8.mlp image 32 / 32
Collecting blocks.11.attn
blocks.11.attn image 1 / 32
blocks.11.attn image 2 / 32
blocks.11.attn image 3 / 32
blocks.11.attn image 4 / 32
blocks.11.attn image 5 / 32
blocks.11.attn image 6 / 32
blocks.11.attn image 7 / 32
blocks.11.attn image 8 / 32
blocks.11.attn image 9 / 32
blocks.11.attn image 10 / 32
blocks.11.attn image 11 / 32
blocks.11.attn image 12 / 32
blocks.11.attn image 13 / 32
blocks.11.attn image 14 / 32
blocks.11.attn image 15 / 32
blocks.11.attn image 16 / 32
blocks.11.attn image 17 / 32
blocks.11.attn image 18 / 32
blocks.11.attn image 19 / 32
blocks.11.attn image 20 / 32
blocks.11.attn image 21 / 32
blocks.11.attn image 22 / 32
blocks.11.attn image 23 / 32
blocks.11.attn image 24 / 32
blocks.11.attn image 25 / 32
blocks.11.attn image 26 / 32
blocks.11.attn image 27 / 32
blocks.11.attn image 28 / 32
blocks.11.attn image 29 / 32
blocks.11.attn image 30 / 32
blocks.11.attn image 31 / 32
blocks.11.attn image 32 / 32
Collecting blocks.11.mlp
blocks.11.mlp image 1 / 32
blocks.11.mlp image 2 / 32
blocks.11.mlp image 3 / 32
blocks.11.mlp image 4 / 32
blocks.11.mlp image 5 / 32
blocks.11.mlp image 6 / 32
blocks.11.mlp image 7 / 32
blocks.11.mlp image 8 / 32
blocks.11.mlp image 9 / 32
blocks.11.mlp image 10 / 32
blocks.11.mlp image 11 / 32
blocks.11.mlp image 12 / 32
blocks.11.mlp image 13 / 32
blocks.11.mlp image 14 / 32
blocks.11.mlp image 15 / 32
blocks.11.mlp image 16 / 32
blocks.11.mlp image 17 / 32
blocks.11.mlp image 18 / 32
blocks.11.mlp image 19 / 32
blocks.11.mlp image 20 / 32
blocks.11.mlp image 21 / 32
blocks.11.mlp image 22 / 32
blocks.11.mlp image 23 / 32
blocks.11.mlp image 24 / 32
blocks.11.mlp image 25 / 32
blocks.11.mlp image 26 / 32
blocks.11.mlp image 27 / 32
blocks.11.mlp image 28 / 32
blocks.11.mlp image 29 / 32
blocks.11.mlp image 30 / 32
blocks.11.mlp image 31 / 32
blocks.11.mlp image 32 / 32
Completed: /root/autodl-tmp/FIMA-Q-Reproduction/FIMA-Q/checkpoints/fisher_probe/fixed_results/20260928_143826_9243_pilot
